Component: ARM Compiler 5.06 update 6 (build 750) Tool: armlink [4d35ed]

==============================================================================

Section Cross References

    startup_stm32f207xx.o(STACK) refers (Special) to heapauxi.o(.text) for __use_two_region_memory
    startup_stm32f207xx.o(HEAP) refers (Special) to heapauxi.o(.text) for __use_two_region_memory
    startup_stm32f207xx.o(RESET) refers (Special) to heapauxi.o(.text) for __use_two_region_memory
    startup_stm32f207xx.o(RESET) refers to startup_stm32f207xx.o(STACK) for __initial_sp
    startup_stm32f207xx.o(RESET) refers to startup_stm32f207xx.o(.text) for Reset_Handler
    startup_stm32f207xx.o(RESET) refers to stm32f2xx_it.o(i.NMI_Handler) for NMI_Handler
    startup_stm32f207xx.o(RESET) refers to stm32f2xx_it.o(i.HardFault_Handler) for HardFault_Handler
    startup_stm32f207xx.o(RESET) refers to stm32f2xx_it.o(i.MemManage_Handler) for MemManage_Handler
    startup_stm32f207xx.o(RESET) refers to stm32f2xx_it.o(i.BusFault_Handler) for BusFault_Handler
    startup_stm32f207xx.o(RESET) refers to stm32f2xx_it.o(i.UsageFault_Handler) for UsageFault_Handler
    startup_stm32f207xx.o(RESET) refers to stm32f2xx_it.o(i.SVC_Handler) for SVC_Handler
    startup_stm32f207xx.o(RESET) refers to stm32f2xx_it.o(i.DebugMon_Handler) for DebugMon_Handler
    startup_stm32f207xx.o(RESET) refers to stm32f2xx_it.o(i.PendSV_Handler) for PendSV_Handler
    startup_stm32f207xx.o(RESET) refers to stm32f2xx_it.o(i.SysTick_Handler) for SysTick_Handler
    startup_stm32f207xx.o(RESET) refers to stm32f2xx_it.o(i.USART1_IRQHandler) for USART1_IRQHandler
    startup_stm32f207xx.o(RESET) refers to stm32f2xx_it.o(i.DMA2_Stream0_IRQHandler) for DMA2_Stream0_IRQHandler
    startup_stm32f207xx.o(.text) refers (Special) to heapauxi.o(.text) for __use_two_region_memory
    startup_stm32f207xx.o(.text) refers to system_stm32f2xx.o(i.SystemInit) for SystemInit
    startup_stm32f207xx.o(.text) refers to __main.o(!!!main) for __main
    startup_stm32f207xx.o(.text) refers to startup_stm32f207xx.o(HEAP) for Heap_Mem
    startup_stm32f207xx.o(.text) refers to startup_stm32f207xx.o(STACK) for Stack_Mem
    main.o(i.HAL_UART_RxCpltCallback) refers to stm32f2xx_hal_uart.o(i.HAL_UART_Receive_IT) for HAL_UART_Receive_IT
    main.o(i.HAL_UART_RxCpltCallback) refers to main.o(.data) for .data
    main.o(i.HAL_UART_RxCpltCallback) refers to main.o(.bss) for .bss
    main.o(i.HAL_UART_RxCpltCallback) refers to usart.o(.bss) for huart1
    main.o(i._Z11uart_handlev) refers to strtok.o(.text) for strtok
    main.o(i._Z11uart_handlev) refers to strcpy.o(.text) for strcpy
    main.o(i._Z11uart_handlev) refers to strcmpv7m.o(.text) for strcmp
    main.o(i._Z11uart_handlev) refers to main.o(.data) for .data
    main.o(i._Z11uart_handlev) refers to main.o(.bss) for .bss
    main.o(i._Z13dataSendEsp32hf) refers to _printf_percent.o(.ARM.Collect$$_printf_percent$$00000000) for _printf_percent
    main.o(i._Z13dataSendEsp32hf) refers to _printf_f.o(.ARM.Collect$$_printf_percent$$00000003) for _printf_f
    main.o(i._Z13dataSendEsp32hf) refers to printf1.o(x$fpl$printf1) for _printf_fp_dec
    main.o(i._Z13dataSendEsp32hf) refers to _printf_d.o(.ARM.Collect$$_printf_percent$$00000009) for _printf_d
    main.o(i._Z13dataSendEsp32hf) refers to _printf_dec.o(.text) for _printf_int_dec
    main.o(i._Z13dataSendEsp32hf) refers to f2d.o(x$fpl$f2d) for __aeabi_f2d
    main.o(i._Z13dataSendEsp32hf) refers to __2sprintf.o(.text) for __2sprintf
    main.o(i._Z13dataSendEsp32hf) refers to strcpy.o(.text) for strcpy
    main.o(i._Z13dataSendEsp32hf) refers to strcat.o(.text) for strcat
    main.o(i._Z13dataSendEsp32hf) refers to strlen.o(.text) for strlen
    main.o(i._Z13dataSendEsp32hf) refers to stm32f2xx_hal_uart.o(i.HAL_UART_Transmit) for HAL_UART_Transmit
    main.o(i._Z13dataSendEsp32hf) refers to usart.o(.bss) for huart1
    main.o(i._Z13proximityTestv) refers to stm32f2xx_hal_gpio.o(i.HAL_GPIO_ReadPin) for HAL_GPIO_ReadPin
    main.o(i._Z13proximityTestv) refers to libuser.o(i._Z7ledSigni) for ledSign(int)
    main.o(i._Z15airCompressTestv) refers to stm32f2xx_hal.o(i.HAL_GetTick) for HAL_GetTick
    main.o(i._Z15airCompressTestv) refers to libuser.o(i._Z14airConditionertt) for airConditioner(unsigned short, unsigned short)
    main.o(i._Z15airCompressTestv) refers to stm32f2xx_hal_gpio.o(i.HAL_GPIO_WritePin) for HAL_GPIO_WritePin
    main.o(i._Z15airCompressTestv) refers to stm32f2xx_hal.o(i.HAL_Delay) for HAL_Delay
    main.o(i._Z15airCompressTestv) refers to main.o(.data) for .data
    main.o(i._Z18SystemClock_Configv) refers to rt_memclr_w.o(.text) for __aeabi_memclr4
    main.o(i._Z18SystemClock_Configv) refers to stm32f2xx_hal_rcc.o(i.HAL_RCC_OscConfig) for HAL_RCC_OscConfig
    main.o(i._Z18SystemClock_Configv) refers to stm32f2xx_hal_rcc.o(i.HAL_RCC_ClockConfig) for HAL_RCC_ClockConfig
[...]
    i.HAL_Init                               0x08002070   Section        0  stm32f2xx_hal.o(i.HAL_Init)
    i.HAL_InitTick                           0x080020a4   Section        0  stm32f2xx_hal.o(i.HAL_InitTick)
    i.HAL_MspInit                            0x080020e4   Section        0  stm32f2xx_hal_msp.o(i.HAL_MspInit)
    i.HAL_NVIC_EnableIRQ                     0x08002114   Section        0  stm32f2xx_hal_cortex.o(i.HAL_NVIC_EnableIRQ)
    i.HAL_NVIC_SetPriority                   0x08002130   Section        0  stm32f2xx_hal_cortex.o(i.HAL_NVIC_SetPriority)
    i.HAL_NVIC_SetPriorityGrouping           0x08002170   Section        0  stm32f2xx_hal_cortex.o(i.HAL_NVIC_SetPriorityGrouping)
    i.HAL_RCC_CSSCallback                    0x08002194   Section        0  stm32f2xx_hal_rcc.o(i.HAL_RCC_CSSCallback)
    i.HAL_RCC_ClockConfig                    0x08002198   Section        0  stm32f2xx_hal_rcc.o(i.HAL_RCC_ClockConfig)
    i.HAL_RCC_EnableCSS                      0x080022d4   Section        0  stm32f2xx_hal_rcc.o(i.HAL_RCC_EnableCSS)
    i.HAL_RCC_GetPCLK1Freq                   0x080022e0   Section        0  stm32f2xx_hal_rcc.o(i.HAL_RCC_GetPCLK1Freq)
    i.HAL_RCC_GetPCLK2Freq                   0x08002310   Section        0  stm32f2xx_hal_rcc.o(i.HAL_RCC_GetPCLK2Freq)
    i.HAL_RCC_GetSysClockFreq                0x08002340   Section        0  stm32f2xx_hal_rcc.o(i.HAL_RCC_GetSysClockFreq)
    i.HAL_RCC_NMI_IRQHandler                 0x080023a0   Section        0  stm32f2xx_hal_rcc.o(i.HAL_RCC_NMI_IRQHandler)
    i.HAL_RCC_OscConfig                      0x080023bc   Section        0  stm32f2xx_hal_rcc.o(i.HAL_RCC_OscConfig)
    i.HAL_SYSTICK_Config                     0x080026f4   Section        0  stm32f2xx_hal_cortex.o(i.HAL_SYSTICK_Config)
    i.HAL_UARTEx_RxEventCallback             0x0800271c   Section        0  stm32f2xx_hal_uart.o(i.HAL_UARTEx_RxEventCallback)
    i.HAL_UART_ErrorCallback                 0x0800271e   Section        0  stm32f2xx_hal_uart.o(i.HAL_UART_ErrorCallback)
    i.HAL_UART_IRQHandler                    0x08002720   Section        0  stm32f2xx_hal_uart.o(i.HAL_UART_IRQHandler)
    i.HAL_UART_Init                          0x08002930   Section        0  stm32f2xx_hal_uart.o(i.HAL_UART_Init)
    i.HAL_UART_MspInit                       0x08002994   Section        0  usart.o(i.HAL_UART_MspInit)
    i.HAL_UART_Receive_IT                    0x08002a10   Section        0  stm32f2xx_hal_uart.o(i.HAL_UART_Receive_IT)
    i.HAL_UART_RxCpltCallback                0x08002a3c   Section        0  main.o(i.HAL_UART_RxCpltCallback)
    i.HAL_UART_Transmit                      0x08002a88   Section        0  stm32f2xx_hal_uart.o(i.HAL_UART_Transmit)
    i.HAL_UART_TxCpltCallback                0x08002b3a   Section        0  stm32f2xx_hal_uart.o(i.HAL_UART_TxCpltCallback)
    i.HardFault_Handler                      0x08002b3c   Section        0  stm32f2xx_it.o(i.HardFault_Handler)
    i.MX_ADC1_Init                           0x08002b40   Section        0  adc.o(i.MX_ADC1_Init)
    i.MX_DMA_Init                            0x08002ba0   Section        0  dma.o(i.MX_DMA_Init)
    i.MX_GPIO_Init                           0x08002bcc   Section        0  gpio.o(i.MX_GPIO_Init)
    i.MX_USART1_UART_Init                    0x08002c4c   Section        0  usart.o(i.MX_USART1_UART_Init)
    i.MemManage_Handler                      0x08002c84   Section        0  stm32f2xx_it.o(i.MemManage_Handler)
    i.NMI_Handler                            0x08002c86   Section        0  stm32f2xx_it.o(i.NMI_Handler)
    i.PendSV_Handler                         0x08002c8c   Section        0  stm32f2xx_it.o(i.PendSV_Handler)
    i.SVC_Handler                            0x08002c8e   Section        0  stm32f2xx_it.o(i.SVC_Handler)
    i.SysTick_Handler                        0x08002c90   Section        0  stm32f2xx_it.o(i.SysTick_Handler)
    i.SystemInit                             0x08002c94   Section        0  system_stm32f2xx.o(i.SystemInit)
    i.UART_Start_Receive_IT                  0x08002c96   Section        0  stm32f2xx_hal_uart.o(i.UART_Start_Receive_IT)
    i.USART1_IRQHandler                      0x08002ccc   Section        0  stm32f2xx_it.o(i.USART1_IRQHandler)
    i.UsageFault_Handler                     0x08002cd8   Section        0  stm32f2xx_it.o(i.UsageFault_Handler)
    i._Z11uart_handlev                       0x08002cdc   Section        0  main.o(i._Z11uart_handlev)
    i._Z13dataSendEsp32hf                    0x08002d78   Section        0  main.o(i._Z13dataSendEsp32hf)
    i._Z13proximityTestv                     0x08002e20   Section        0  main.o(i._Z13proximityTestv)
    i._Z14airConditionertt                   0x08002e80   Section        0  libuser.o(i._Z14airConditionertt)
    i._Z15airCompressTestv                   0x08002ec4   Section        0  main.o(i._Z15airCompressTestv)
    i._Z18SystemClock_Configv                0x08002f4c   Section        0  main.o(i._Z18SystemClock_Configv)
    i._Z7ledSigni                            0x08002fb4   Section        0  libuser.o(i._Z7ledSigni)
    i._Z7ledTestv                            0x08003044   Section        0  main.o(i._Z7ledTestv)
    i._Z8evenPuchv                           0x080030e8   Section        0  main.o(i._Z8evenPuchv)
    i._Z8positionv                           0x0800318c   Section        0  libuser.o(i._Z8positionv)
    i._Z9adcKalmanf                          0x080031e4   Section        0  main.o(i._Z9adcKalmanf)
    i._ZN18SimpleKalmanFilter14updateEstimateEf 0x080031f0   Section        0  simplekalmanfilter.o(i._ZN18SimpleKalmanFilter14updateEstimateEf)
    i._ZN18SimpleKalmanFilterC1Efff          0x0800327c   Section        0  simplekalmanfilter.o(i._ZN18SimpleKalmanFilterC1Efff)
    i._ZN41_INTERNAL_19_stm32f2xx_hal_adc_c_52ef8f5012ADC_DMAErrorEP19__DMA_HandleTypeDef 0x0800328c   Section        0  stm32f2xx_hal_adc.o(i._ZN41_INTERNAL_19_stm32f2xx_hal_adc_c_52ef8f5012ADC_DMAErrorEP19__DMA_HandleTypeDef)
    [local to stm32f2xx_hal_adc_c]::ADC_DMAError(__DMA_HandleTypeDef*) 0x0800328d   Thumb Code    22  stm32f2xx_hal_adc.o(i._ZN41_INTERNAL_19_stm32f2xx_hal_adc_c_52ef8f5012ADC_DMAErrorEP19__DMA_HandleTypeDef)
    i._ZN41_INTERNAL_19_stm32f2xx_hal_adc_c_52ef8f5015ADC_DMAConvCpltEP19__DMA_HandleTypeDef 0x080032a2   Section        0  stm32f2xx_hal_adc.o(i._ZN41_INTERNAL_19_stm32f2xx_hal_adc_c_52ef8f5015ADC_DMAConvCpltEP19__DMA_HandleTypeDef)
    [local to stm32f2xx_hal_adc_c]::ADC_DMAConvCplt(__DMA_HandleTypeDef*) 0x080032a3   Thumb Code   110  stm32f2xx_hal_adc.o(i._ZN41_INTERNAL_19_stm32f2xx_hal_adc_c_52ef8f5015ADC_DMAConvCpltEP19__DMA_HandleTypeDef)
    i._ZN41_INTERNAL_19_stm32f2xx_hal_adc_c_52ef8f5019ADC_DMAHalfConvCpltEP19__DMA_HandleTypeDef 0x08003310   Section        0  stm32f2xx_hal_adc.o(i._ZN41_INTERNAL_19_stm32f2xx_hal_adc_c_52ef8f5019ADC_DMAHalfConvCpltEP19__DMA_HandleTypeDef)
    [local to stm32f2xx_hal_adc_c]::ADC_DMAHalfConvCplt(__DMA_HandleTypeDef*) 0x08003311   Thumb Code    10  stm32f2xx_hal_adc.o(i._ZN41_INTERNAL_19_stm32f2xx_hal_adc_c_52ef8f5019ADC_DMAHalfConvCpltEP19__DMA_HandleTypeDef)
    i._ZN41_INTERNAL_19_stm32f2xx_hal_adc_c_52ef8f508ADC_InitEP17ADC_HandleTypeDef 0x0800331c   Section        0  stm32f2xx_hal_adc.o(i._ZN41_INTERNAL_19_stm32f2xx_hal_adc_c_52ef8f508ADC_InitEP17ADC_HandleTypeDef)
    [local to stm32f2xx_hal_adc_c]::ADC_Init(ADC_HandleTypeDef*) 0x0800331d   Thumb Code   304  stm32f2xx_hal_adc.o(i._ZN41_INTERNAL_19_stm32f2xx_hal_adc_c_52ef8f508ADC_InitEP17ADC_HandleTypeDef)
    i._ZN41_INTERNAL_19_stm32f2xx_hal_dma_c_c25f65ec13DMA_SetConfigEP19__DMA_HandleTypeDefjjj 0x08003454   Section        0  stm32f2xx_hal_dma.o(i._ZN41_INTERNAL_19_stm32f2xx_hal_dma_c_c25f65ec13DMA_SetConfigEP19__DMA_HandleTypeDefjjj)
    [local to stm32f2xx_hal_dma_c]::DMA_SetConfig(__DMA_HandleTypeDef*, unsigned, unsigned, unsigned) 0x08003455   Thumb Code    40  stm32f2xx_hal_dma.o(i._ZN41_INTERNAL_19_stm32f2xx_hal_dma_c_c25f65ec13DMA_SetConfigEP19__DMA_HandleTypeDefjjj)
    i._ZN41_INTERNAL_19_stm32f2xx_hal_dma_c_c25f65ec18DMA_CheckFifoParamEP19__DMA_HandleTypeDef 0x0800347c   Section        0  stm32f2xx_hal_dma.o(i._ZN41_INTERNAL_19_stm32f2xx_hal_dma_c_c25f65ec18DMA_CheckFifoParamEP19__DMA_HandleTypeDef)
    [local to stm32f2xx_hal_dma_c]::DMA_CheckFifoParam(__DMA_HandleTypeDef*) 0x0800347d   Thumb Code    84  stm32f2xx_hal_dma.o(i._ZN41_INTERNAL_19_stm32f2xx_hal_dma_c_c25f65ec18DMA_CheckFifoParamEP19__DMA_HandleTypeDef)
    i._ZN41_INTERNAL_19_stm32f2xx_hal_dma_c_c25f65ec23DMA_CalcBaseAndBitshiftEP19__DMA_HandleTypeDef 0x080034d0   Section        0  stm32f2xx_hal_dma.o(i._ZN41_INTERNAL_19_stm32f2xx_hal_dma_c_c25f65ec23DMA_CalcBaseAndBitshiftEP19__DMA_HandleTypeDef)
    [local to stm32f2xx_hal_dma_c]::DMA_CalcBaseAndBitshift(__DMA_HandleTypeDef*) 0x080034d1   Thumb Code    34  stm32f2xx_hal_dma.o(i._ZN41_INTERNAL_19_stm32f2xx_hal_dma_c_c25f65ec23DMA_CalcBaseAndBitshiftEP19__DMA_HandleTypeDef)
    i._ZN42_INTERNAL_20_stm32f2xx_hal_uart_c_d497114f14UART_SetConfigEP20__UART_HandleTypeDef 0x080034f8   Section        0  stm32f2xx_hal_uart.o(i._ZN42_INTERNAL_20_stm32f2xx_hal_uart_c_d497114f14UART_SetConfigEP20__UART_HandleTypeDef)
    [local to stm32f2xx_hal_uart_c]::UART_SetConfig(__UART_HandleTypeDef*) 0x080034f9   Thumb Code   284  stm32f2xx_hal_uart.o(i._ZN42_INTERNAL_20_stm32f2xx_hal_uart_c_d497114f14UART_SetConfigEP20__UART_HandleTypeDef)
    i._ZN42_INTERNAL_20_stm32f2xx_hal_uart_c_d497114f15UART_Receive_ITEP20__UART_HandleTypeDef 0x0800361c   Section        0  stm32f2xx_hal_uart.o(i._ZN42_INTERNAL_20_stm32f2xx_hal_uart_c_d497114f15UART_Receive_ITEP20__UART_HandleTypeDef)
    [local to stm32f2xx_hal_uart_c]::UART_Receive_IT(__UART_HandleTypeDef*) 0x0800361d   Thumb Code   182  stm32f2xx_hal_uart.o(i._ZN42_INTERNAL_20_stm32f2xx_hal_uart_c_d497114f15UART_Receive_ITEP20__UART_HandleTypeDef)
    i._ZN42_INTERNAL_20_stm32f2xx_hal_uart_c_d497114f18UART_EndRxTransferEP20__UART_HandleTypeDef 0x080036d2   Section        0  stm32f2xx_hal_uart.o(i._ZN42_INTERNAL_20_stm32f2xx_hal_uart_c_d497114f18UART_EndRxTransferEP20__UART_HandleTypeDef)
    [local to stm32f2xx_hal_uart_c]::UART_EndRxTransfer(__UART_HandleTypeDef*) 0x080036d3   Thumb Code    48  stm32f2xx_hal_uart.o(i._ZN42_INTERNAL_20_stm32f2xx_hal_uart_c_d497114f18UART_EndRxTransferEP20__UART_HandleTypeDef)
    i._ZN42_INTERNAL_20_stm32f2xx_hal_uart_c_d497114f20UART_DMAAbortOnErrorEP19__DMA_HandleTypeDef 0x08003702   Section        0  stm32f2xx_hal_uart.o(i._ZN42_INTERNAL_20_stm32f2xx_hal_uart_c_d497114f20UART_DMAAbortOnErrorEP19__DMA_HandleTypeDef)
    [local to stm32f2xx_hal_uart_c]::UART_DMAAbortOnError(__DMA_HandleTypeDef*) 0x08003703   Thumb Code    16  stm32f2xx_hal_uart.o(i._ZN42_INTERNAL_20_stm32f2xx_hal_uart_c_d497114f20UART_DMAAbortOnErrorEP19__DMA_HandleTypeDef)
    i._ZN42_INTERNAL_20_stm32f2xx_hal_uart_c_d497114f27UART_WaitOnFlagUntilTimeoutEP20__UART_HandleTypeDefj10FlagStatusjj 0x08003712   Section        0  stm32f2xx_hal_uart.o(i._ZN42_INTERNAL_20_stm32f2xx_hal_uart_c_d497114f27UART_WaitOnFlagUntilTimeoutEP20__UART_HandleTypeDefj10FlagStatusjj)
    [local to stm32f2xx_hal_uart_c]::UART_WaitOnFlagUntilTimeout(__UART_HandleTypeDef*, unsigned, FlagStatus, unsigned, unsigned) 0x08003713   Thumb Code   100  stm32f2xx_hal_uart.o(i._ZN42_INTERNAL_20_stm32f2xx_hal_uart_c_d497114f27UART_WaitOnFlagUntilTimeoutEP20__UART_HandleTypeDefj10FlagStatusjj)
    i._ZN44_INTERNAL_22_stm32f2xx_hal_cortex_c_2992dbc018__NVIC_SetPriorityE9IRQn_Typej 0x08003776   Section        0  stm32f2xx_hal_cortex.o(i._ZN44_INTERNAL_22_stm32f2xx_hal_cortex_c_2992dbc018__NVIC_SetPriorityE9IRQn_Typej)
    [local to stm32f2xx_hal_cortex_c]::__NVIC_SetPriority(IRQn_Type, unsigned) 0x08003777   Thumb Code    32  stm32f2xx_hal_cortex.o(i._ZN44_INTERNAL_22_stm32f2xx_hal_cortex_c_2992dbc018__NVIC_SetPriorityE9IRQn_Typej)
    i.__ARM_fpclassify                       0x08003796   Section        0  fpclassify.o(i.__ARM_fpclassify)
    i.__sti___6_main_c_kf                    0x080037c0   Section        0  main.o(i.__sti___6_main_c_kf)
    __sti___6_main_c_kf                      0x080037c1   Thumb Code    12  main.o(i.__sti___6_main_c_kf)
    i._is_digit                              0x080037d4   Section        0  __printf_wp.o(i._is_digit)
    i.main                                   0x080037e4   Section        0  main.o(i.main)
    locale$$code                             0x08003850   Section       44  lc_numeric_c.o(locale$$code)
    x$fpl$d2f                                0x0800387c   Section       98  d2f.o(x$fpl$d2f)
    x$fpl$dadd                               0x080038e0   Section      336  daddsub_clz.o(x$fpl$dadd)
    _dadd1                                   0x080038f1   Thumb Code     0  daddsub_clz.o(x$fpl$dadd)
    x$fpl$dmul                               0x08003a30   Section      340  dmul.o(x$fpl$dmul)
    x$fpl$dnaninf                            0x08003b84   Section      156  dnaninf.o(x$fpl$dnaninf)
    x$fpl$dretinf                            0x08003c20   Section       12  dretinf.o(x$fpl$dretinf)
    x$fpl$drsb                               0x08003c2c   Section       22  daddsub_clz.o(x$fpl$drsb)
    x$fpl$dsub                               0x08003c44   Section      468  daddsub_clz.o(x$fpl$dsub)
    _dsub1                                   0x08003c55   Thumb Code     0  daddsub_clz.o(x$fpl$dsub)
    x$fpl$f2d                                0x08003e18   Section       86  f2d.o(x$fpl$f2d)
    x$fpl$fadd                               0x08003e70   Section      196  faddsub_clz.o(x$fpl$fadd)
    _fadd1                                   0x08003e7f   Thumb Code     0  faddsub_clz.o(x$fpl$fadd)
    x$fpl$fcmpinf                            0x08003f34   Section       24  fcmpi.o(x$fpl$fcmpinf)
    x$fpl$fdiv                               0x08003f4c   Section      388  fdiv.o(x$fpl$fdiv)
    _fdiv1                                   0x08003f4d   Thumb Code     0  fdiv.o(x$fpl$fdiv)
    x$fpl$ffixu                              0x080040d0   Section       62  ffixu.o(x$fpl$ffixu)
    x$fpl$ffltu                              0x08004110   Section       38  fflt_clz.o(x$fpl$ffltu)
    x$fpl$fleqf                              0x08004138   Section      104  fleqf.o(x$fpl$fleqf)
    x$fpl$fmul                               0x080041a0   Section      258  fmul.o(x$fpl$fmul)
    x$fpl$fnaninf                            0x080042a2   Section      140  fnaninf.o(x$fpl$fnaninf)
    x$fpl$fretinf                            0x0800432e   Section       10  fretinf.o(x$fpl$fretinf)
    x$fpl$frleqf                             0x08004338   Section       98  frleqf.o(x$fpl$frleqf)
    x$fpl$fsub                               0x0800439c   Section      234  faddsub_clz.o(x$fpl$fsub)
    _fsub1                                   0x080043ab   Thumb Code     0  faddsub_clz.o(x$fpl$fsub)
    x$fpl$printf1                            0x08004486   Section        4  printf1.o(x$fpl$printf1)
    .constdata                               0x0800448a   Section        8  stm32f2xx_hal_dma.o(.constdata)
    x$fpl$usenofp                            0x0800448a   Section        0  usenofp.o(x$fpl$usenofp)
    [local to stm32f2xx_hal_dma_c]::DMA_CalcBaseAndBitshift(__DMA_HandleTypeDef*)::flagBitshiftOffset 0x0800448a   Data           8  stm32f2xx_hal_dma.o(.constdata)
    .constdata                               0x08004492   Section       16  system_stm32f2xx.o(.constdata)
    .constdata                               0x080044a2   Section        8  system_stm32f2xx.o(.constdata)
    .constdata                               0x080044aa   Section       17  __printf_flags_wp.o(.constdata)
    maptable                                 0x080044aa   Data          17  __printf_flags_wp.o(.constdata)
    .constdata                               0x080044bc   Section      148  bigflt0.o(.constdata)
    tenpwrs_x                                0x080044bc   Data          60  bigflt0.o(.constdata)
    tenpwrs_i                                0x080044f8   Data          64  bigflt0.o(.constdata)
    locale$$data                             0x08004570   Section       28  lc_numeric_c.o(locale$$data)
    __lcnum_c_name                           0x08004574   Data           2  lc_numeric_c.o(locale$$data)
    __lcnum_c_start                          0x0800457c   Data           0  lc_numeric_c.o(locale$$data)
    __lcnum_c_point                          0x08004588   Data           0  lc_numeric_c.o(locale$$data)
    __lcnum_c_thousands                      0x0800458a   Data           0  lc_numeric_c.o(locale$$data)
    __lcnum_c_grouping                       0x0800458b   Data           0  lc_numeric_c.o(locale$$data)
    .init_array                              0x0800458c   Section        4  main.o(.init_array)
    __lcnum_c_end                            0x0800458c   Data           0  lc_numeric_c.o(locale$$data)
    .init_array                              0x08004590   Section        0  init_aeabi.o(.init_array)
    .data                                    0x20000000   Section       64  main.o(.data)
    ledTest()::countled                      0x20000002   Data           1  main.o(.data)
    ledTest()::countOneLed                   0x20000003   Data           1  main.o(.data)
    data_send(float, unsigned char)::punch_position 0x20000004   Data           1  main.o(.data)
    ledTest()::choose                        0x20000014   Data           4  main.o(.data)
    evenPuch()::count                        0x20000018   Data           4  main.o(.data)
    data_send(float, unsigned char)::gia_tri_tiem_can 0x2000001c   Data           4  main.o(.data)
    data_send(float, unsigned char)::dem_punch 0x20000020   Data           4  main.o(.data)
    airCompressTest()::count                 0x20000024   Data           4  main.o(.data)
    airCompressTest()::upperlimit            0x20000028   Data           4  main.o(.data)
    .data                                    0x20000040   Section       12  stm32f2xx_hal.o(.data)
    .data                                    0x2000004c   Section        4  system_stm32f2xx.o(.data)
    .data                                    0x20000050   Section        8  libuser.o(.data)
    airConditioner(unsigned short, unsigned short)::count 0x20000050   Data           4  libuser.o(.data)
    airConditioner(unsigned short, unsigned short)::countRising 0x20000054   Data           4  libuser.o(.data)
    .data                                    0x20000058   Section        4  strtok.o(.data)
    _strtok_saves1                           0x20000058   Data           4  strtok.o(.data)
    .bss                                     0x2000005c   Section       34  main.o(.bss)
    .bss                                     0x20000080   Section      168  adc.o(.bss)
    .bss                                     0x20000128   Section       68  usart.o(.bss)
    .bss                                     0x2000016c   Section       96  libspace.o(.bss)
    HEAP                                     0x200001d0   Section      512  startup_stm32f207xx.o(HEAP)
    Heap_Mem                                 0x200001d0   Data         512  startup_stm32f207xx.o(HEAP)
    STACK                                    0x200003d0   Section     1024  startup_stm32f207xx.o(STACK)
    Stack_Mem                                0x200003d0   Data        1024  startup_stm32f207xx.o(STACK)
    __initial_sp                             0x200007d0   Data           0  startup_stm32f207xx.o(STACK)

    Global Symbols

    Symbol Name                              Value     Ov Type        Size  Object(Section)

    BuildAttributes$$THM_ISAv4$P$D$K$B$S$PE$A:L22UL41UL21$X:L11$S22US41US21$IEEE1$IW$USESV6$~STKCKD$USESV7$~SHL$OTIME$ROPI$IEEEX$EBA8$UX$STANDARDLIB$REQ8$PRES8$EABIv2 0x00000000   Number         0  anon$$obj.o ABSOLUTE
    __ARM_use_no_argv                        0x00000000   Number         0  main.o ABSOLUTE
    _printf_flags                            0x00000000   Number         0  printf_stubs.o ABSOLUTE
    _printf_return_value                     0x00000000   Number         0  printf_stubs.o ABSOLUTE
    _printf_sizespec                         0x00000000   Number         0  printf_stubs.o ABSOLUTE
    _printf_widthprec                        0x00000000   Number         0  printf_stubs.o ABSOLUTE
    __ARM_exceptions_init                     - Undefined Weak Reference
    __alloca_initialize                       - Undefined Weak Reference
    __arm_preinit_                            - Undefined Weak Reference
    __cxa_finalize                            - Undefined Weak Reference
    __sigvec_lookup                           - Undefined Weak Reference
    __user_heap_extent                        - Undefined Weak Reference
    _atexit_init                              - Undefined Weak Reference
    _call_atexit_fns                          - Undefined Weak Reference
    _clock_init                               - Undefined Weak Reference
    _fp_trap_init                             - Undefined Weak Reference
    _fp_trap_shutdown                         - Undefined Weak Reference
    _get_lc_collate                           - Undefined Weak Reference
    _get_lc_monetary                          - Undefined Weak Reference
    _get_lc_time                              - Undefined Weak Reference
    _getenv_init                              - Undefined Weak Reference
    _handle_redirection                       - Undefined Weak Reference
    _initio                                   - Undefined Weak Reference
    _mutex_acquire                            - Undefined Weak Reference
    _mutex_free                               - Undefined Weak Reference
    _mutex_release                            - Undefined Weak Reference
    _printf_truncate_signed                   - Undefined Weak Reference
    _printf_truncate_unsigned                 - Undefined Weak Reference
    _rand_init                                - Undefined Weak Reference
    _scanf_int                                - Undefined Weak Reference
    _scanf_longlong                           - Undefined Weak Reference
    _scanf_mbtowc                             - Undefined Weak Reference
    _scanf_string                             - Undefined Weak Reference
    _scanf_wctomb                             - Undefined Weak Reference
    _scanf_wstring                            - Undefined Weak Reference
    _signal_finish                            - Undefined Weak Reference
    _signal_init                              - Undefined Weak Reference
    _terminateio                              - Undefined Weak Reference
    __Vectors_Size                           0x00000184   Number         0  startup_stm32f207xx.o ABSOLUTE
    __Vectors                                0x08000000   Data           4  startup_stm32f207xx.o(RESET)
    __Vectors_End                            0x08000184   Data           0  startup_stm32f207xx.o(RESET)
    __main                                   0x08000185   Thumb Code     8  __main.o(!!!main)
    __scatterload                            0x0800018d   Thumb Code     0  __scatter.o(!!!scatter)
    __scatterload_rt2                        0x0800018d   Thumb Code    44  __scatter.o(!!!scatter)
    __scatterload_rt2_thumb_only             0x0800018d   Thumb Code     0  __scatter.o(!!!scatter)
    __scatterload_null                       0x0800019b   Thumb Code     0  __scatter.o(!!!scatter)
    __scatterload_copy                       0x080001c1   Thumb Code    26  __scatter_copy.o(!!handler_copy)
    __scatterload_zeroinit                   0x080001dd   Thumb Code    28  __scatter_zi.o(!!handler_zi)
    _printf_f                                0x080001f9   Thumb Code     0  _printf_f.o(.ARM.Collect$$_printf_percent$$00000003)
    _printf_percent                          0x080001f9   Thumb Code     0  _printf_percent.o(.ARM.Collect$$_printf_percent$$00000000)
    _printf_d                                0x080001ff   Thumb Code     0  _printf_d.o(.ARM.Collect$$_printf_percent$$00000009)
    _printf_percent_end                      0x08000205   Thumb Code     0  _printf_percent_end.o(.ARM.Collect$$_printf_percent$$00000017)
    __rt_lib_init                            0x08000209   Thumb Code     0  libinit.o(.ARM.Collect$$libinit$$00000000)
    __rt_lib_init_fp_1                       0x0800020b   Thumb Code     0  libinit2.o(.ARM.Collect$$libinit$$00000002)
    __rt_lib_init_heap_1                     0x0800020b   Thumb Code     0  libinit2.o(.ARM.Collect$$libinit$$0000000A)
    __rt_lib_init_lc_common                  0x0800020b   Thumb Code     0  libinit2.o(.ARM.Collect$$libinit$$0000000F)
    __rt_lib_init_preinit_1                  0x0800020b   Thumb Code     0  libinit2.o(.ARM.Collect$$libinit$$00000004)
    __rt_lib_init_rand_1                     0x0800020b   Thumb Code     0  libinit2.o(.ARM.Collect$$libinit$$0000000E)
    __rt_lib_init_user_alloc_1               0x0800020b   Thumb Code     0  libinit2.o(.ARM.Collect$$libinit$$0000000C)
    __rt_lib_init_lc_collate_1               0x08000211   Thumb Code     0  libinit2.o(.ARM.Collect$$libinit$$00000011)
    __rt_lib_init_lc_ctype_1                 0x08000211   Thumb Code     0  libinit2.o(.ARM.Collect$$libinit$$00000013)
    __rt_lib_init_lc_monetary_1              0x08000211   Thumb Code     0  libinit2.o(.ARM.Collect$$libinit$$00000015)
    __rt_lib_init_lc_numeric_2               0x08000211   Thumb Code     0  libinit2.o(.ARM.Collect$$libinit$$00000016)
    __rt_lib_init_alloca_1                   0x0800021b   Thumb Code     0  libinit2.o(.ARM.Collect$$libinit$$0000002E)
    __rt_lib_init_argv_1                     0x0800021b   Thumb Code     0  libinit2.o(.ARM.Collect$$libinit$$0000002C)
    __rt_lib_init_atexit_1                   0x0800021b   Thumb Code     0  libinit2.o(.ARM.Collect$$libinit$$0000001B)
    __rt_lib_init_clock_1                    0x0800021b   Thumb Code     0  libinit2.o(.ARM.Collect$$libinit$$00000021)
    __rt_lib_init_cpp_2                      0x0800021b   Thumb Code     0  libinit2.o(.ARM.Collect$$libinit$$00000031)
    __rt_lib_init_exceptions_1               0x0800021b   Thumb Code     0  libinit2.o(.ARM.Collect$$libinit$$00000030)
    __rt_lib_init_fp_trap_1                  0x0800021b   Thumb Code     0  libinit2.o(.ARM.Collect$$libinit$$0000001F)
    __rt_lib_init_getenv_1                   0x0800021b   Thumb Code     0  libinit2.o(.ARM.Collect$$libinit$$00000023)
    __rt_lib_init_lc_numeric_1               0x0800021b   Thumb Code     0  libinit2.o(.ARM.Collect$$libinit$$00000017)
    __rt_lib_init_lc_time_1                  0x0800021b   Thumb Code     0  libinit2.o(.ARM.Collect$$libinit$$00000019)
    __rt_lib_init_signal_1                   0x0800021b   Thumb Code     0  libinit2.o(.ARM.Collect$$libinit$$0000001D)
    __rt_lib_init_stdio_1                    0x0800021b   Thumb Code     0  libinit2.o(.ARM.Collect$$libinit$$00000025)
    __rt_lib_init_cpp_1                      0x0800021f   Thumb Code     0  libinit2.o(.ARM.Collect$$libinit$$00000032)
    __rt_lib_init_return                     0x0800021f   Thumb Code     0  libinit2.o(.ARM.Collect$$libinit$$00000033)
    __rt_lib_shutdown                        0x08000221   Thumb Code     0  libshutdown.o(.ARM.Collect$$libshutdown$$00000000)
    __rt_lib_shutdown_cpp_1                  0x08000223   Thumb Code     0  libshutdown2.o(.ARM.Collect$$libshutdown$$00000002)
    __rt_lib_shutdown_fp_trap_1              0x08000223   Thumb Code     0  libshutdown2.o(.ARM.Collect$$libshutdown$$00000007)
    __rt_lib_shutdown_heap_1                 0x08000223   Thumb Code     0  libshutdown2.o(.ARM.Collect$$libshutdown$$0000000F)
    __rt_lib_shutdown_return                 0x08000223   Thumb Code     0  libshutdown2.o(.ARM.Collect$$libshutdown$$00000010)
    __rt_lib_shutdown_signal_1               0x08000223   Thumb Code     0  libshutdown2.o(.ARM.Collect$$libshutdown$$0000000A)
    __rt_lib_shutdown_stdio_1                0x08000223   Thumb Code     0  libshutdown2.o(.ARM.Collect$$libshutdown$$00000004)
    __rt_lib_shutdown_user_alloc_1           0x08000223   Thumb Code     0  libshutdown2.o(.ARM.Collect$$libshutdown$$0000000C)
    __rt_entry                               0x08000225   Thumb Code     0  __rtentry.o(.ARM.Collect$$rtentry$$00000000)
    __rt_entry_presh_1                       0x08000225   Thumb Code     0  __rtentry2.o(.ARM.Collect$$rtentry$$00000002)
    __rt_entry_sh                            0x08000225   Thumb Code     0  __rtentry4.o(.ARM.Collect$$rtentry$$00000004)
    __rt_entry_li                            0x0800022b   Thumb Code     0  __rtentry2.o(.ARM.Collect$$rtentry$$0000000A)
    __rt_entry_postsh_1                      0x0800022b   Thumb Code     0  __rtentry2.o(.ARM.Collect$$rtentry$$00000009)
    __rt_entry_main                          0x0800022f   Thumb Code     0  __rtentry2.o(.ARM.Collect$$rtentry$$0000000D)
    __rt_entry_postli_1                      0x0800022f   Thumb Code     0  __rtentry2.o(.ARM.Collect$$rtentry$$0000000C)
    __rt_exit                                0x08000237   Thumb Code     0  rtexit.o(.ARM.Collect$$rtexit$$00000000)
    __rt_exit_ls                             0x08000239   Thumb Code     0  rtexit2.o(.ARM.Collect$$rtexit$$00000003)
    __rt_exit_prels_1                        0x08000239   Thumb Code     0  rtexit2.o(.ARM.Collect$$rtexit$$00000002)
    __rt_exit_exit                           0x0800023d   Thumb Code     0  rtexit2.o(.ARM.Collect$$rtexit$$00000004)
    Reset_Handler                            0x08000245   Thumb Code     8  startup_stm32f207xx.o(.text)
    ADC_IRQHandler                           0x0800025f   Thumb Code     0  startup_stm32f207xx.o(.text)
    CAN1_RX0_IRQHandler                      0x0800025f   Thumb Code     0  startup_stm32f207xx.o(.text)
    CAN1_RX1_IRQHandler                      0x0800025f   Thumb Code     0  startup_stm32f207xx.o(.text)
    CAN1_SCE_IRQHandler                      0x0800025f   Thumb Code     0  startup_stm32f207xx.o(.text)
    CAN1_TX_IRQHandler                       0x0800025f   Thumb Code     0  startup_stm32f207xx.o(.text)
    CAN2_RX0_IRQHandler                      0x0800025f   Thumb Code     0  startup_stm32f207xx.o(.text)
    CAN2_RX1_IRQHandler                      0x0800025f   Thumb Code     0  startup_stm32f207xx.o(.text)
    CAN2_SCE_IRQHandler                      0x0800025f   Thumb Code     0  startup_stm32f207xx.o(.text)
    CAN2_TX_IRQHandler                       0x0800025f   Thumb Code     0  startup_stm32f207xx.o(.text)
    DCMI_IRQHandler                          0x0800025f   Thumb Code     0  startup_stm32f207xx.o(.text)
    DMA1_Stream0_IRQHandler                  0x0800025f   Thumb Code     0  startup_stm32f207xx.o(.text)
    DMA1_Stream1_IRQHandler                  0x0800025f   Thumb Code     0  startup_stm32f207xx.o(.text)
    DMA1_Stream2_IRQHandler                  0x0800025f   Thumb Code     0  startup_stm32f207xx.o(.text)
    DMA1_Stream3_IRQHandler                  0x0800025f   Thumb Code     0  startup_stm32f207xx.o(.text)
    DMA1_Stream4_IRQHandler                  0x0800025f   Thumb Code     0  startup_stm32f207xx.o(.text)
    DMA1_Stream5_IRQHandler                  0x0800025f   Thumb Code     0  startup_stm32f207xx.o(.text)
    DMA1_Stream6_IRQHandler                  0x0800025f   Thumb Code     0  startup_stm32f207xx.o(.text)
    DMA1_Stream7_IRQHandler                  0x0800025f   Thumb Code     0  startup_stm32f207xx.o(.text)
    DMA2_Stream1_IRQHandler                  0x0800025f   Thumb Code     0  startup_stm32f207xx.o(.text)
    DMA2_Stream2_IRQHandler                  0x0800025f   Thumb Code     0  startup_stm32f207xx.o(.text)
    DMA2_Stream3_IRQHandler                  0x0800025f   Thumb Code     0  startup_stm32f207xx.o(.text)
    DMA2_Stream4_IRQHandler                  0x0800025f   Thumb Code     0  startup_stm32f207xx.o(.text)
    DMA2_Stream5_IRQHandler                  0x0800025f   Thumb Code     0  startup_stm32f207xx.o(.text)
    DMA2_Stream6_IRQHandler                  0x0800025f   Thumb Code     0  startup_stm32f207xx.o(.text)
    DMA2_Stream7_IRQHandler                  0x0800025f   Thumb Code     0  startup_stm32f207xx.o(.text)
    ETH_IRQHandler                           0x0800025f   Thumb Code     0  startup_stm32f207xx.o(.text)
    ETH_WKUP_IRQHandler                      0x0800025f   Thumb Code     0  startup_stm32f207xx.o(.text)
    EXTI0_IRQHandler                         0x0800025f   Thumb Code     0  startup_stm32f207xx.o(.text)
    EXTI15_10_IRQHandler                     0x0800025f   Thumb Code     0  startup_stm32f207xx.o(.text)
    EXTI1_IRQHandler                         0x0800025f   Thumb Code     0  startup_stm32f207xx.o(.text)
    EXTI2_IRQHandler                         0x0800025f   Thumb Code     0  startup_stm32f207xx.o(.text)
    EXTI3_IRQHandler                         0x0800025f   Thumb Code     0  startup_stm32f207xx.o(.text)
    EXTI4_IRQHandler                         0x0800025f   Thumb Code     0  startup_stm32f207xx.o(.text)
    EXTI9_5_IRQHandler                       0x0800025f   Thumb Code     0  startup_stm32f207xx.o(.text)
    FLASH_IRQHandler                         0x0800025f   Thumb Code     0  startup_stm32f207xx.o(.text)
    FSMC_IRQHandler                          0x0800025f   Thumb Code     0  startup_stm32f207xx.o(.text)
    HASH_RNG_IRQHandler                      0x0800025f   Thumb Code     0  startup_stm32f207xx.o(.text)
    I2C1_ER_IRQHandler                       0x0800025f   Thumb Code     0  startup_stm32f207xx.o(.text)
    I2C1_EV_IRQHandler                       0x0800025f   Thumb Code     0  startup_stm32f207xx.o(.text)
    I2C2_ER_IRQHandler                       0x0800025f   Thumb Code     0  startup_stm32f207xx.o(.text)
    I2C2_EV_IRQHandler                       0x0800025f   Thumb Code     0  startup_stm32f207xx.o(.text)
    I2C3_ER_IRQHandler                       0x0800025f   Thumb Code     0  startup_stm32f207xx.o(.text)
    I2C3_EV_IRQHandler                       0x0800025f   Thumb Code     0  startup_stm32f207xx.o(.text)
    OTG_FS_IRQHandler                        0x0800025f   Thumb Code     0  startup_stm32f207xx.o(.text)
    OTG_FS_WKUP_IRQHandler                   0x0800025f   Thumb Code     0  startup_stm32f207xx.o(.text)
    OTG_HS_EP1_IN_IRQHandler                 0x0800025f   Thumb Code     0  startup_stm32f207xx.o(.text)
    OTG_HS_EP1_OUT_IRQHandler                0x0800025f   Thumb Code     0  startup_stm32f207xx.o(.text)
    OTG_HS_IRQHandler                        0x0800025f   Thumb Code     0  startup_stm32f207xx.o(.text)
    OTG_HS_WKUP_IRQHandler                   0x0800025f   Thumb Code     0  startup_stm32f207xx.o(.text)
    PVD_IRQHandler                           0x0800025f   Thumb Code     0  startup_stm32f207xx.o(.text)
    RCC_IRQHandler                           0x0800025f   Thumb Code     0  startup_stm32f207xx.o(.text)
    RTC_Alarm_IRQHandler                     0x0800025f   Thumb Code     0  startup_stm32f207xx.o(.text)
    RTC_WKUP_IRQHandler                      0x0800025f   Thumb Code     0  startup_stm32f207xx.o(.text)
    SDIO_IRQHandler                          0x0800025f   Thumb Code     0  startup_stm32f207xx.o(.text)
    SPI1_IRQHandler                          0x0800025f   Thumb Code     0  startup_stm32f207xx.o(.text)
    SPI2_IRQHandler                          0x0800025f   Thumb Code     0  startup_stm32f207xx.o(.text)
    SPI3_IRQHandler                          0x0800025f   Thumb Code     0  startup_stm32f207xx.o(.text)
    TAMP_STAMP_IRQHandler                    0x0800025f   Thumb Code     0  startup_stm32f207xx.o(.text)
    TIM1_BRK_TIM9_IRQHandler                 0x0800025f   Thumb Code     0  startup_stm32f207xx.o(.text)
    TIM1_CC_IRQHandler                       0x0800025f   Thumb Code     0  startup_stm32f207xx.o(.text)
    TIM1_TRG_COM_TIM11_IRQHandler            0x0800025f   Thumb Code     0  startup_stm32f207xx.o(.text)
    TIM1_UP_TIM10_IRQHandler                 0x0800025f   Thumb Code     0  startup_stm32f207xx.o(.text)
    TIM2_IRQHandler                          0x0800025f   Thumb Code     0  startup_stm32f207xx.o(.text)
    TIM3_IRQHandler                          0x0800025f   Thumb Code     0  startup_stm32f207xx.o(.text)
    TIM4_IRQHandler                          0x0800025f   Thumb Code     0  startup_stm32f207xx.o(.text)
    TIM5_IRQHandler                          0x0800025f   Thumb Code     0  startup_stm32f207xx.o(.text)
    TIM6_DAC_IRQHandler                      0x0800025f   Thumb Code     0  startup_stm32f207xx.o(.text)
    TIM7_IRQHandler                          0x0800025f   Thumb Code     0  startup_stm32f207xx.o(.text)
    TIM8_BRK_TIM12_IRQHandler                0x0800025f   Thumb Code     0  startup_stm32f207xx.o(.text)
    TIM8_CC_IRQHandler                       0x0800025f   Thumb Code     0  startup_stm32f207xx.o(.text)
    TIM8_TRG_COM_TIM14_IRQHandler            0x0800025f   Thumb Code     0  startup_stm32f207xx.o(.text)
    TIM8_UP_TIM13_IRQHandler                 0x0800025f   Thumb Code     0  startup_stm32f207xx.o(.text)
    UART4_IRQHandler                         0x0800025f   Thumb Code     0  startup_stm32f207xx.o(.text)
    UART5_IRQHandler                         0x0800025f   Thumb Code     0  startup_stm32f207xx.o(.text)
    USART2_IRQHandler                        0x0800025f   Thumb Code     0  startup_stm32f207xx.o(.text)
    USART3_IRQHandler                        0x0800025f   Thumb Code     0  startup_stm32f207xx.o(.text)
    USART6_IRQHandler                        0x0800025f   Thumb Code     0  startup_stm32f207xx.o(.text)
    WWDG_IRQHandler                          0x0800025f   Thumb Code     0  startup_stm32f207xx.o(.text)
    __user_initial_stackheap                 0x08000261   Thumb Code     0  startup_stm32f207xx.o(.text)
    __aeabi_uldivmod                         0x08000285   Thumb Code     0  lludivv7m.o(.text)
    _ll_udiv                                 0x08000285   Thumb Code   238  lludivv7m.o(.text)
    __2sprintf                               0x08000375   Thumb Code    38  __2sprintf.o(.text)
    _printf_int_dec                          0x080003a1   Thumb Code   104  _printf_dec.o(.text)
    __printf                                 0x08000419   Thumb Code   308  __printf_flags_wp.o(.text)
    strtok                                   0x08000551   Thumb Code     6  strtok.o(.text)
    strcpy                                   0x0800055d   Thumb Code    72  strcpy.o(.text)
    strlen                                   0x080005a5   Thumb Code    62  strlen.o(.text)
    strcat                                   0x080005e3   Thumb Code    24  strcat.o(.text)
    __aeabi_memclr4                          0x080005fb   Thumb Code     0  rt_memclr_w.o(.text)
    __aeabi_memclr8                          0x080005fb   Thumb Code     0  rt_memclr_w.o(.text)
    __rt_memclr_w                            0x080005fb   Thumb Code    78  rt_memclr_w.o(.text)
    _memset_w                                0x080005ff   Thumb Code     0  rt_memclr_w.o(.text)
    strcmp                                   0x08000649   Thumb Code   128  strcmpv7m.o(.text)
    __use_two_region_memory                  0x080006c9   Thumb Code     2  heapauxi.o(.text)
    __rt_heap_escrow                         0x080006cb   Thumb Code     2  heapauxi.o(.text)
    __rt_heap_expand                         0x080006cd   Thumb Code     2  heapauxi.o(.text)
    __cpp_initialize__aeabi_                 0x080006d1   Thumb Code    26  init_aeabi.o(.text)
    _printf_int_common                       0x080006f5   Thumb Code   178  _printf_intcommon.o(.text)
    __lib_sel_fp_printf                      0x080007a7   Thumb Code     2  _printf_fp_dec.o(.text)
    _printf_fp_dec_real                      0x08000959   Thumb Code   620  _printf_fp_dec.o(.text)
    _printf_char_common                      0x08000bcf   Thumb Code    32  _printf_char_common.o(.text)
    _sputc                                   0x08000bf5   Thumb Code    10  _sputc.o(.text)
    __strtok_internal                        0x08000c01   Thumb Code    64  strtok_int.o(.text)
    __user_libspace                          0x08000c45   Thumb Code     8  libspace.o(.text)
    __user_perproc_libspace                  0x08000c45   Thumb Code     0  libspace.o(.text)
    __user_perthread_libspace                0x08000c45   Thumb Code     0  libspace.o(.text)
    __rt_locale                              0x08000c4d   Thumb Code     8  rt_locale_intlibspace.o(.text)
    _ll_udiv10                               0x08000c55   Thumb Code   138  lludiv10.o(.text)
    _printf_fp_infnan                        0x08000ce1   Thumb Code   112  _printf_fp_infnan.o(.text)
    _btod_etento                             0x08000d61   Thumb Code   224  bigflt0.o(.text)
    strcspn                                  0x08000e45   Thumb Code    32  strcspn.o(.text)
    strspn                                   0x08000e65   Thumb Code    28  strspn.o(.text)
    __I$use$semihosting                      0x08000e81   Thumb Code     0  use_no_semi.o(.text)
    __use_no_semihosting_swi                 0x08000e81   Thumb Code     2  use_no_semi.o(.text)
    __semihosting_library_function           0x08000e83   Thumb Code     0  indicate_semi.o(.text)
    __user_setup_stackheap                   0x08000e83   Thumb Code    74  sys_stackheap_outer.o(.text)
    exit                                     0x08000ecd   Thumb Code    18  exit.o(.text)
    _sys_exit                                0x08000ee1   Thumb Code     8  sys_exit.o(.text)
    _btod_d2e                                0x08000eed   Thumb Code    62  btod.o(CL$$btod_d2e)
    _d2e_denorm_low                          0x08000f2b   Thumb Code    70  btod.o(CL$$btod_d2e_denorm_low)
    _d2e_norm_op1                            0x08000f71   Thumb Code    96  btod.o(CL$$btod_d2e_norm_op1)
    __btod_div_common                        0x08000fd1   Thumb Code   696  btod.o(CL$$btod_div_common)
    _e2e                                     0x08001309   Thumb Code   220  btod.o(CL$$btod_e2e)
    _btod_ediv                               0x080013e5   Thumb Code    42  btod.o(CL$$btod_ediv)
    _btod_emul                               0x0800140f   Thumb Code    42  btod.o(CL$$btod_emul)
    __btod_mult_common                       0x08001439   Thumb Code   580  btod.o(CL$$btod_mult_common)
    BusFault_Handler                         0x0800167d   Thumb Code     2  stm32f2xx_it.o(i.BusFault_Handler)
    DMA2_Stream0_IRQHandler                  0x08001681   Thumb Code     6  stm32f2xx_it.o(i.DMA2_Stream0_IRQHandler)
    DebugMon_Handler                         0x0800168d   Thumb Code     2  stm32f2xx_it.o(i.DebugMon_Handler)
    Error_Handler                            0x0800168f   Thumb Code     4  main.o(i.Error_Handler)
    HAL_ADC_ConfigChannel                    0x08001695   Thumb Code   322  stm32f2xx_hal_adc.o(i.HAL_ADC_ConfigChannel)
    HAL_ADC_ConvCpltCallback                 0x080017e5   Thumb Code     2  stm32f2xx_hal_adc.o(i.HAL_ADC_ConvCpltCallback)
    HAL_ADC_ConvHalfCpltCallback             0x080017e7   Thumb Code     2  stm32f2xx_hal_adc.o(i.HAL_ADC_ConvHalfCpltCallback)
    HAL_ADC_ErrorCallback                    0x080017e9   Thumb Code     2  stm32f2xx_hal_adc.o(i.HAL_ADC_ErrorCallback)
    HAL_ADC_Init                             0x080017eb   Thumb Code    84  stm32f2xx_hal_adc.o(i.HAL_ADC_Init)
    HAL_ADC_MspInit                          0x08001841   Thumb Code   132  adc.o(i.HAL_ADC_MspInit)
    HAL_ADC_Start_DMA                        0x080018d9   Thumb Code   246  stm32f2xx_hal_adc.o(i.HAL_ADC_Start_DMA)
    HAL_DMA_Abort                            0x080019e9   Thumb Code   146  stm32f2xx_hal_dma.o(i.HAL_DMA_Abort)
    HAL_DMA_Abort_IT                         0x08001a7b   Thumb Code    36  stm32f2xx_hal_dma.o(i.HAL_DMA_Abort_IT)
    HAL_DMA_IRQHandler                       0x08001aa1   Thumb Code   412  stm32f2xx_hal_dma.o(i.HAL_DMA_IRQHandler)
    HAL_DMA_Init                             0x08001c41   Thumb Code   206  stm32f2xx_hal_dma.o(i.HAL_DMA_Init)
    HAL_DMA_Start_IT                         0x08001d15   Thumb Code   110  stm32f2xx_hal_dma.o(i.HAL_DMA_Start_IT)
    HAL_Delay                                0x08001d85   Thumb Code    32  stm32f2xx_hal.o(i.HAL_Delay)
    HAL_GPIO_Init                            0x08001da9   Thumb Code   598  stm32f2xx_hal_gpio.o(i.HAL_GPIO_Init)
    HAL_GPIO_ReadPin                         0x08002031   Thumb Code    10  stm32f2xx_hal_gpio.o(i.HAL_GPIO_ReadPin)
    HAL_GPIO_TogglePin                       0x0800203b   Thumb Code    16  stm32f2xx_hal_gpio.o(i.HAL_GPIO_TogglePin)
    HAL_GPIO_WritePin                        0x0800204b   Thumb Code    10  stm32f2xx_hal_gpio.o(i.HAL_GPIO_WritePin)
    HAL_GetTick                              0x08002055   Thumb Code     6  stm32f2xx_hal.o(i.HAL_GetTick)
    HAL_IncTick                              0x08002061   Thumb Code    12  stm32f2xx_hal.o(i.HAL_IncTick)
    HAL_Init                                 0x08002071   Thumb Code    48  stm32f2xx_hal.o(i.HAL_Init)
    HAL_InitTick                             0x080020a5   Thumb Code    54  stm32f2xx_hal.o(i.HAL_InitTick)
    HAL_MspInit                              0x080020e5   Thumb Code    42  stm32f2xx_hal_msp.o(i.HAL_MspInit)
    HAL_NVIC_EnableIRQ                       0x08002115   Thumb Code    26  stm32f2xx_hal_cortex.o(i.HAL_NVIC_EnableIRQ)
    HAL_NVIC_SetPriority                     0x08002131   Thumb Code    60  stm32f2xx_hal_cortex.o(i.HAL_NVIC_SetPriority)
    HAL_NVIC_SetPriorityGrouping             0x08002171   Thumb Code    26  stm32f2xx_hal_cortex.o(i.HAL_NVIC_SetPriorityGrouping)
    HAL_RCC_CSSCallback                      0x08002195   Thumb Code     2  stm32f2xx_hal_rcc.o(i.HAL_RCC_CSSCallback)
    HAL_RCC_ClockConfig                      0x08002199   Thumb Code   296  stm32f2xx_hal_rcc.o(i.HAL_RCC_ClockConfig)
    HAL_RCC_EnableCSS                        0x080022d5   Thumb Code     8  stm32f2xx_hal_rcc.o(i.HAL_RCC_EnableCSS)
    HAL_RCC_GetPCLK1Freq                     0x080022e1   Thumb Code    34  stm32f2xx_hal_rcc.o(i.HAL_RCC_GetPCLK1Freq)
    HAL_RCC_GetPCLK2Freq                     0x08002311   Thumb Code    34  stm32f2xx_hal_rcc.o(i.HAL_RCC_GetPCLK2Freq)
    HAL_RCC_GetSysClockFreq                  0x08002341   Thumb Code    88  stm32f2xx_hal_rcc.o(i.HAL_RCC_GetSysClockFreq)
    HAL_RCC_NMI_IRQHandler                   0x080023a1   Thumb Code    24  stm32f2xx_hal_rcc.o(i.HAL_RCC_NMI_IRQHandler)
    HAL_RCC_OscConfig                        0x080023bd   Thumb Code   800  stm32f2xx_hal_rcc.o(i.HAL_RCC_OscConfig)
    HAL_SYSTICK_Config                       0x080026f5   Thumb Code    40  stm32f2xx_hal_cortex.o(i.HAL_SYSTICK_Config)
    HAL_UARTEx_RxEventCallback               0x0800271d   Thumb Code     2  stm32f2xx_hal_uart.o(i.HAL_UARTEx_RxEventCallback)
    HAL_UART_ErrorCallback                   0x0800271f   Thumb Code     2  stm32f2xx_hal_uart.o(i.HAL_UART_ErrorCallback)
    HAL_UART_IRQHandler                      0x08002721   Thumb Code   522  stm32f2xx_hal_uart.o(i.HAL_UART_IRQHandler)
    HAL_UART_Init                            0x08002931   Thumb Code    98  stm32f2xx_hal_uart.o(i.HAL_UART_Init)
    HAL_UART_MspInit                         0x08002995   Thumb Code   110  usart.o(i.HAL_UART_MspInit)
    HAL_UART_Receive_IT                      0x08002a11   Thumb Code    42  stm32f2xx_hal_uart.o(i.HAL_UART_Receive_IT)
    HAL_UART_RxCpltCallback                  0x08002a3d   Thumb Code    58  main.o(i.HAL_UART_RxCpltCallback)
    HAL_UART_Transmit                        0x08002a89   Thumb Code   178  stm32f2xx_hal_uart.o(i.HAL_UART_Transmit)
    HAL_UART_TxCpltCallback                  0x08002b3b   Thumb Code     2  stm32f2xx_hal_uart.o(i.HAL_UART_TxCpltCallback)
    HardFault_Handler                        0x08002b3d   Thumb Code     2  stm32f2xx_it.o(i.HardFault_Handler)
    MX_ADC1_Init                             0x08002b41   Thumb Code    84  adc.o(i.MX_ADC1_Init)
    MX_DMA_Init                              0x08002ba1   Thumb Code    40  dma.o(i.MX_DMA_Init)
    MX_GPIO_Init                             0x08002bcd   Thumb Code   116  gpio.o(i.MX_GPIO_Init)
    MX_USART1_UART_Init                      0x08002c4d   Thumb Code    48  usart.o(i.MX_USART1_UART_Init)
    MemManage_Handler                        0x08002c85   Thumb Code     2  stm32f2xx_it.o(i.MemManage_Handler)
    NMI_Handler                              0x08002c87   Thumb Code     6  stm32f2xx_it.o(i.NMI_Handler)
    PendSV_Handler                           0x08002c8d   Thumb Code     2  stm32f2xx_it.o(i.PendSV_Handler)
    SVC_Handler                              0x08002c8f   Thumb Code     2  stm32f2xx_it.o(i.SVC_Handler)
    SysTick_Handler                          0x08002c91   Thumb Code     4  stm32f2xx_it.o(i.SysTick_Handler)
    SystemInit                               0x08002c95   Thumb Code     2  system_stm32f2xx.o(i.SystemInit)
    UART_Start_Receive_IT                    0x08002c97   Thumb Code    54  stm32f2xx_hal_uart.o(i.UART_Start_Receive_IT)
    USART1_IRQHandler                        0x08002ccd   Thumb Code     6  stm32f2xx_it.o(i.USART1_IRQHandler)
    UsageFault_Handler                       0x08002cd9   Thumb Code     2  stm32f2xx_it.o(i.UsageFault_Handler)
    uart_handle()                            0x08002cdd   Thumb Code   126  main.o(i._Z11uart_handlev)
    dataSendEsp32(unsigned char, float)      0x08002d79   Thumb Code   120  main.o(i._Z13dataSendEsp32hf)
    proximityTest()                          0x08002e21   Thumb Code    90  main.o(i._Z13proximityTestv)
    airConditioner(unsigned short, unsigned short) 0x08002e81   Thumb Code    60  libuser.o(i._Z14airConditionertt)
    airCompressTest()                        0x08002ec5   Thumb Code   118  main.o(i._Z15airCompressTestv)
    SystemClock_Config()                     0x08002f4d   Thumb Code   104  main.o(i._Z18SystemClock_Configv)
    ledSign(int)                             0x08002fb5   Thumb Code   138  libuser.o(i._Z7ledSigni)
    ledTest()                                0x08003045   Thumb Code   156  main.o(i._Z7ledTestv)
    evenPuch()                               0x080030e9   Thumb Code   152  main.o(i._Z8evenPuchv)
    position()                               0x0800318d   Thumb Code    82  libuser.o(i._Z8positionv)
    adcKalman(float)                         0x080031e5   Thumb Code     8  main.o(i._Z9adcKalmanf)
    SimpleKalmanFilter::updateEstimate(float) 0x080031f1   Thumb Code   136  simplekalmanfilter.o(i._ZN18SimpleKalmanFilter14updateEstimateEf)
    SimpleKalmanFilter::SimpleKalmanFilter(float, float, float) 0x0800327d   Thumb Code    16  simplekalmanfilter.o(i._ZN18SimpleKalmanFilterC1Efff)
    SimpleKalmanFilter::SimpleKalmanFilter__sub_object(float, float, float) 0x0800327d   Thumb Code     0  simplekalmanfilter.o(i._ZN18SimpleKalmanFilterC1Efff)
    __ARM_fpclassify                         0x08003797   Thumb Code    40  fpclassify.o(i.__ARM_fpclassify)
    _is_digit                                0x080037d5   Thumb Code    14  __printf_wp.o(i._is_digit)
    main                                     0x080037e5   Thumb Code    94  main.o(i.main)
    _get_lc_numeric                          0x08003851   Thumb Code    44  lc_numeric_c.o(locale$$code)
    __aeabi_d2f                              0x0800387d   Thumb Code     0  d2f.o(x$fpl$d2f)
    _d2f                                     0x0800387d   Thumb Code    98  d2f.o(x$fpl$d2f)
    __aeabi_dadd                             0x080038e1   Thumb Code     0  daddsub_clz.o(x$fpl$dadd)
    _dadd                                    0x080038e1   Thumb Code   332  daddsub_clz.o(x$fpl$dadd)
    __aeabi_dmul                             0x08003a31   Thumb Code     0  dmul.o(x$fpl$dmul)
    _dmul                                    0x08003a31   Thumb Code   332  dmul.o(x$fpl$dmul)
    __fpl_dnaninf                            0x08003b85   Thumb Code   156  dnaninf.o(x$fpl$dnaninf)
    __fpl_dretinf                            0x08003c21   Thumb Code    12  dretinf.o(x$fpl$dretinf)
    __aeabi_drsub                            0x08003c2d   Thumb Code     0  daddsub_clz.o(x$fpl$drsb)
    _drsb                                    0x08003c2d   Thumb Code    22  daddsub_clz.o(x$fpl$drsb)
    __aeabi_dsub                             0x08003c45   Thumb Code     0  daddsub_clz.o(x$fpl$dsub)
    _dsub                                    0x08003c45   Thumb Code   464  daddsub_clz.o(x$fpl$dsub)
    __aeabi_f2d                              0x08003e19   Thumb Code     0  f2d.o(x$fpl$f2d)
    _f2d                                     0x08003e19   Thumb Code    86  f2d.o(x$fpl$f2d)
    __aeabi_fadd                             0x08003e71   Thumb Code     0  faddsub_clz.o(x$fpl$fadd)
    _fadd                                    0x08003e71   Thumb Code   196  faddsub_clz.o(x$fpl$fadd)
    __fpl_fcmp_Inf                           0x08003f35   Thumb Code    24  fcmpi.o(x$fpl$fcmpinf)
    __aeabi_fdiv                             0x08003f4d   Thumb Code     0  fdiv.o(x$fpl$fdiv)
    _fdiv                                    0x08003f4d   Thumb Code   384  fdiv.o(x$fpl$fdiv)
    __aeabi_f2uiz                            0x080040d1   Thumb Code     0  ffixu.o(x$fpl$ffixu)
    _ffixu                                   0x080040d1   Thumb Code    62  ffixu.o(x$fpl$ffixu)
    __aeabi_ui2f                             0x08004111   Thumb Code     0  fflt_clz.o(x$fpl$ffltu)
    _ffltu                                   0x08004111   Thumb Code    38  fflt_clz.o(x$fpl$ffltu)
    __aeabi_cfcmple                          0x08004139   Thumb Code     0  fleqf.o(x$fpl$fleqf)
    _fcmple                                  0x08004139   Thumb Code   104  fleqf.o(x$fpl$fleqf)
    __fpl_fcmple_InfNaN                      0x0800418b   Thumb Code     0  fleqf.o(x$fpl$fleqf)
    __aeabi_fmul                             0x080041a1   Thumb Code     0  fmul.o(x$fpl$fmul)
    _fmul                                    0x080041a1   Thumb Code   258  fmul.o(x$fpl$fmul)
    __fpl_fnaninf                            0x080042a3   Thumb Code   140  fnaninf.o(x$fpl$fnaninf)
    __fpl_fretinf                            0x0800432f   Thumb Code    10  fretinf.o(x$fpl$fretinf)
    __aeabi_cfrcmple                         0x08004339   Thumb Code     0  frleqf.o(x$fpl$frleqf)
    _frcmple                                 0x08004339   Thumb Code    98  frleqf.o(x$fpl$frleqf)
    __aeabi_fsub                             0x0800439d   Thumb Code     0  faddsub_clz.o(x$fpl$fsub)
    _fsub                                    0x0800439d   Thumb Code   234  faddsub_clz.o(x$fpl$fsub)
    _printf_fp_dec                           0x08004487   Thumb Code     4  printf1.o(x$fpl$printf1)
    __I$use$fp                               0x0800448a   Number         0  usenofp.o(x$fpl$usenofp)
    AHBPrescTable                            0x08004492   Data          16  system_stm32f2xx.o(.constdata)
    APBPrescTable                            0x080044a2   Data           8  system_stm32f2xx.o(.constdata)
    Region$$Table$$Base                      0x08004550   Number         0  anon$$obj.o(Region$$Table)
    Region$$Table$$Limit                     0x08004570   Number         0  anon$$obj.o(Region$$Table)
    SHT$$INIT_ARRAY$$Base                    0x0800458c   Number         0  main.o(.init_array)
    SHT$$INIT_ARRAY$$Limit                   0x08004590   Number         0  init_aeabi.o(.init_array)
    uart_index                               0x20000000   Data           1  main.o(.data)
    uart_end                                 0x20000001   Data           1  main.o(.data)
    uart                                     0x20000005   Data           1  main.o(.data)
    chooseMain                               0x20000008   Data           4  main.o(.data)
    standardPressure                         0x2000000c   Data           4  main.o(.data)
    dem_punch1                               0x20000010   Data           4  main.o(.data)
    startTime                                0x2000002c   Data           4  main.o(.data)
    adc_value                                0x20000030   Data           4  main.o(.data)
    max_adc_value                            0x20000034   Data           4  main.o(.data)
    punch                                    0x20000038   Data           8  main.o(.data)
    uwTickFreq                               0x20000040   Data           1  stm32f2xx_hal.o(.data)
    uwTickPrio                               0x20000044   Data           4  stm32f2xx_hal.o(.data)
    uwTick                                   0x20000048   Data           4  stm32f2xx_hal.o(.data)
    SystemCoreClock                          0x2000004c   Data           4  system_stm32f2xx.o(.data)
    kf                                       0x2000005c   Data          24  main.o(.bss)
    uart_data                                0x20000074   Data          10  main.o(.bss)
    hadc1                                    0x20000080   Data          72  adc.o(.bss)
    hdma_adc1                                0x200000c8   Data          96  adc.o(.bss)
    huart1                                   0x20000128   Data          68  usart.o(.bss)
    __libspace_start                         0x2000016c   Data          96  libspace.o(.bss)
    __temporary_stack_top$libspace           0x200001cc   Data           0  libspace.o(.bss)



==============================================================================

Memory Map of the image

  Image Entry point : 0x08000185

  Load Region LR_IROM1 (Base: 0x08000000, Size: 0x000045ec, Max: 0x00080000, ABSOLUTE)

    Execution Region ER_IROM1 (Exec base: 0x08000000, Load base: 0x08000000, Size: 0x00004590, Max: 0x00080000, ABSOLUTE)

    Exec Addr    Load Addr    Size         Type   Attr      Idx    E Section Name        Object

    0x08000000   0x08000000   0x00000184   Data   RO            3    RESET               startup_stm32f207xx.o
    0x08000184   0x08000184   0x00000008   Code   RO         3537  * !!!main             c_w.l(__main.o)
    0x0800018c   0x0800018c   0x00000034   Code   RO         3978    !!!scatter          c_w.l(__scatter.o)
    0x080001c0   0x080001c0   0x0000001a   Code   RO         3980    !!handler_copy      c_w.l(__scatter_copy.o)
    0x080001da   0x080001da   0x00000002   PAD
    0x080001dc   0x080001dc   0x0000001c   Code   RO         3982    !!handler_zi        c_w.l(__scatter_zi.o)
    0x080001f8   0x080001f8   0x00000000   Code   RO         3513    .ARM.Collect$$_printf_percent$$00000000  c_w.l(_printf_percent.o)
    0x080001f8   0x080001f8   0x00000006   Code   RO         3511    .ARM.Collect$$_printf_percent$$00000003  c_w.l(_printf_f.o)
    0x080001fe   0x080001fe   0x00000006   Code   RO         3510    .ARM.Collect$$_printf_percent$$00000009  c_w.l(_printf_d.o)
    0x08000204   0x08000204   0x00000004   Code   RO         3649    .ARM.Collect$$_printf_percent$$00000017  c_w.l(_printf_percent_end.o)
    0x08000208   0x08000208   0x00000002   Code   RO         3876    .ARM.Collect$$libinit$$00000000  c_w.l(libinit.o)
    0x0800020a   0x0800020a   0x00000000   Code   RO         3663    .ARM.Collect$$libinit$$00000002  c_w.l(libinit2.o)
    0x0800020a   0x0800020a   0x00000000   Code   RO         3665    .ARM.Collect$$libinit$$00000004  c_w.l(libinit2.o)
    0x0800020a   0x0800020a   0x00000000   Code   RO         3668    .ARM.Collect$$libinit$$0000000A  c_w.l(libinit2.o)
    0x0800020a   0x0800020a   0x00000000   Code   RO         3670    .ARM.Collect$$libinit$$0000000C  c_w.l(libinit2.o)
    0x0800020a   0x0800020a   0x00000000   Code   RO         3672    .ARM.Collect$$libinit$$0000000E  c_w.l(libinit2.o)
    0x0800020a   0x0800020a   0x00000006   Code   RO         3673    .ARM.Collect$$libinit$$0000000F  c_w.l(libinit2.o)
    0x08000210   0x08000210   0x00000000   Code   RO         3675    .ARM.Collect$$libinit$$00000011  c_w.l(libinit2.o)
    0x08000210   0x08000210   0x00000000   Code   RO         3677    .ARM.Collect$$libinit$$00000013  c_w.l(libinit2.o)
    0x08000210   0x08000210   0x00000000   Code   RO         3679    .ARM.Collect$$libinit$$00000015  c_w.l(libinit2.o)
    0x08000210   0x08000210   0x0000000a   Code   RO         3680    .ARM.Collect$$libinit$$00000016  c_w.l(libinit2.o)
    0x0800021a   0x0800021a   0x00000000   Code   RO         3681    .ARM.Collect$$libinit$$00000017  c_w.l(libinit2.o)
    0x0800021a   0x0800021a   0x00000000   Code   RO         3683    .ARM.Collect$$libinit$$00000019  c_w.l(libinit2.o)
    0x0800021a   0x0800021a   0x00000000   Code   RO         3685    .ARM.Collect$$libinit$$0000001B  c_w.l(libinit2.o)
    0x0800021a   0x0800021a   0x00000000   Code   RO         3687    .ARM.Collect$$libinit$$0000001D  c_w.l(libinit2.o)
    0x0800021a   0x0800021a   0x00000000   Code   RO         3689    .ARM.Collect$$libinit$$0000001F  c_w.l(libinit2.o)
    0x0800021a   0x0800021a   0x00000000   Code   RO         3691    .ARM.Collect$$libinit$$00000021  c_w.l(libinit2.o)
    0x0800021a   0x0800021a   0x00000000   Code   RO         3693    .ARM.Collect$$libinit$$00000023  c_w.l(libinit2.o)
    0x0800021a   0x0800021a   0x00000000   Code   RO         3695    .ARM.Collect$$libinit$$00000025  c_w.l(libinit2.o)
    0x0800021a   0x0800021a   0x00000000   Code   RO         3699    .ARM.Collect$$libinit$$0000002C  c_w.l(libinit2.o)
    0x0800021a   0x0800021a   0x00000000   Code   RO         3701    .ARM.Collect$$libinit$$0000002E  c_w.l(libinit2.o)
    0x0800021a   0x0800021a   0x00000000   Code   RO         3703    .ARM.Collect$$libinit$$00000030  c_w.l(libinit2.o)
    0x0800021a   0x0800021a   0x00000004   Code   RO         3704    .ARM.Collect$$libinit$$00000031  c_w.l(libinit2.o)
    0x0800021e   0x0800021e   0x00000000   Code   RO         3705    .ARM.Collect$$libinit$$00000032  c_w.l(libinit2.o)
    0x0800021e   0x0800021e   0x00000002   Code   RO         3706    .ARM.Collect$$libinit$$00000033  c_w.l(libinit2.o)
    0x08000220   0x08000220   0x00000002   Code   RO         3971    .ARM.Collect$$libshutdown$$00000000  c_w.l(libshutdown.o)
    0x08000222   0x08000222   0x00000000   Code   RO         3902    .ARM.Collect$$libshutdown$$00000002  c_w.l(libshutdown2.o)
    0x08000222   0x08000222   0x00000000   Code   RO         3904    .ARM.Collect$$libshutdown$$00000004  c_w.l(libshutdown2.o)
    0x08000222   0x08000222   0x00000000   Code   RO         3907    .ARM.Collect$$libshutdown$$00000007  c_w.l(libshutdown2.o)
    0x08000222   0x08000222   0x00000000   Code   RO         3910    .ARM.Collect$$libshutdown$$0000000A  c_w.l(libshutdown2.o)
    0x08000222   0x08000222   0x00000000   Code   RO         3912    .ARM.Collect$$libshutdown$$0000000C  c_w.l(libshutdown2.o)
    0x08000222   0x08000222   0x00000000   Code   RO         3915    .ARM.Collect$$libshutdown$$0000000F  c_w.l(libshutdown2.o)
    0x08000222   0x08000222   0x00000002   Code   RO         3916    .ARM.Collect$$libshutdown$$00000010  c_w.l(libshutdown2.o)
    0x08000224   0x08000224   0x00000000   Code   RO         3609    .ARM.Collect$$rtentry$$00000000  c_w.l(__rtentry.o)
    0x08000224   0x08000224   0x00000000   Code   RO         3728    .ARM.Collect$$rtentry$$00000002  c_w.l(__rtentry2.o)
    0x08000224   0x08000224   0x00000006   Code   RO         3740    .ARM.Collect$$rtentry$$00000004  c_w.l(__rtentry4.o)
    0x0800022a   0x0800022a   0x00000000   Code   RO         3730    .ARM.Collect$$rtentry$$00000009  c_w.l(__rtentry2.o)
    0x0800022a   0x0800022a   0x00000004   Code   RO         3731    .ARM.Collect$$rtentry$$0000000A  c_w.l(__rtentry2.o)
    0x0800022e   0x0800022e   0x00000000   Code   RO         3733    .ARM.Collect$$rtentry$$0000000C  c_w.l(__rtentry2.o)
    0x0800022e   0x0800022e   0x00000008   Code   RO         3734    .ARM.Collect$$rtentry$$0000000D  c_w.l(__rtentry2.o)
    0x08000236   0x08000236   0x00000002   Code   RO         3885    .ARM.Collect$$rtexit$$00000000  c_w.l(rtexit.o)
    0x08000238   0x08000238   0x00000000   Code   RO         3932    .ARM.Collect$$rtexit$$00000002  c_w.l(rtexit2.o)
    0x08000238   0x08000238   0x00000004   Code   RO         3933    .ARM.Collect$$rtexit$$00000003  c_w.l(rtexit2.o)
    0x0800023c   0x0800023c   0x00000006   Code   RO         3934    .ARM.Collect$$rtexit$$00000004  c_w.l(rtexit2.o)
    0x08000242   0x08000242   0x00000002   PAD
    0x08000244   0x08000244   0x00000040   Code   RO            4    .text               startup_stm32f207xx.o
    0x08000284   0x08000284   0x000000ee   Code   RO         3453    .text               c_w.l(lludivv7m.o)
    0x08000372   0x08000372   0x00000002   PAD
    0x08000374   0x08000374   0x0000002c   Code   RO         3457    .text               c_w.l(__2sprintf.o)
    0x080003a0   0x080003a0   0x00000078   Code   RO         3465    .text               c_w.l(_printf_dec.o)
    0x08000418   0x08000418   0x00000138   Code   RO         3500    .text               c_w.l(__printf_flags_wp.o)
    0x08000550   0x08000550   0x0000000c   Code   RO         3516    .text               c_w.l(strtok.o)
    0x0800055c   0x0800055c   0x00000048   Code   RO         3519    .text               c_w.l(strcpy.o)
    0x080005a4   0x080005a4   0x0000003e   Code   RO         3521    .text               c_w.l(strlen.o)
    0x080005e2   0x080005e2   0x00000018   Code   RO         3525    .text               c_w.l(strcat.o)
    0x080005fa   0x080005fa   0x0000004e   Code   RO         3531    .text               c_w.l(rt_memclr_w.o)
    0x08000648   0x08000648   0x00000080   Code   RO         3533    .text               c_w.l(strcmpv7m.o)
    0x080006c8   0x080006c8   0x00000006   Code   RO         3535    .text               c_w.l(heapauxi.o)
    0x080006ce   0x080006ce   0x00000002   PAD
    0x080006d0   0x080006d0   0x00000024   Code   RO         3542    .text               c_w.l(init_aeabi.o)
    0x080006f4   0x080006f4   0x000000b2   Code   RO         3641    .text               c_w.l(_printf_intcommon.o)
    0x080007a6   0x080007a6   0x0000041e   Code   RO         3643    .text               c_w.l(_printf_fp_dec.o)
    0x08000bc4   0x08000bc4   0x00000030   Code   RO         3645    .text               c_w.l(_printf_char_common.o)
    0x08000bf4   0x08000bf4   0x0000000a   Code   RO         3647    .text               c_w.l(_sputc.o)
    0x08000bfe   0x08000bfe   0x00000002   PAD
    0x08000c00   0x08000c00   0x00000044   Code   RO         3658    .text               c_w.l(strtok_int.o)
    0x08000c44   0x08000c44   0x00000008   Code   RO         3724    .text               c_w.l(libspace.o)
    0x08000c4c   0x08000c4c   0x00000008   Code   RO         3747    .text               c_w.l(rt_locale_intlibspace.o)
    0x08000c54   0x08000c54   0x0000008a   Code   RO         3762    .text               c_w.l(lludiv10.o)
    0x08000cde   0x08000cde   0x00000002   PAD
    0x08000ce0   0x08000ce0   0x00000080   Code   RO         3766    .text               c_w.l(_printf_fp_infnan.o)
    0x08000d60   0x08000d60   0x000000e4   Code   RO         3772    .text               c_w.l(bigflt0.o)
    0x08000e44   0x08000e44   0x00000020   Code   RO         3807    .text               c_w.l(strcspn.o)
    0x08000e64   0x08000e64   0x0000001c   Code   RO         3809    .text               c_w.l(strspn.o)
    0x08000e80   0x08000e80   0x00000002   Code   RO         3842    .text               c_w.l(use_no_semi.o)
    0x08000e82   0x08000e82   0x00000000   Code   RO         3844    .text               c_w.l(indicate_semi.o)
    0x08000e82   0x08000e82   0x0000004a   Code   RO         3845    .text               c_w.l(sys_stackheap_outer.o)
    0x08000ecc   0x08000ecc   0x00000012   Code   RO         3857    .text               c_w.l(exit.o)
    0x08000ede   0x08000ede   0x00000002   PAD
    0x08000ee0   0x08000ee0   0x0000000c   Code   RO         3883    .text               c_w.l(sys_exit.o)
    0x08000eec   0x08000eec   0x0000003e   Code   RO         3775    CL$$btod_d2e        c_w.l(btod.o)
    0x08000f2a   0x08000f2a   0x00000046   Code   RO         3777    CL$$btod_d2e_denorm_low  c_w.l(btod.o)
    0x08000f70   0x08000f70   0x00000060   Code   RO         3776    CL$$btod_d2e_norm_op1  c_w.l(btod.o)
    0x08000fd0   0x08000fd0   0x00000338   Code   RO         3785    CL$$btod_div_common  c_w.l(btod.o)
    0x08001308   0x08001308   0x000000dc   Code   RO         3782    CL$$btod_e2e        c_w.l(btod.o)
    0x080013e4   0x080013e4   0x0000002a   Code   RO         3779    CL$$btod_ediv       c_w.l(btod.o)
    0x0800140e   0x0800140e   0x0000002a   Code   RO         3778    CL$$btod_emul       c_w.l(btod.o)
    0x08001438   0x08001438   0x00000244   Code   RO         3784    CL$$btod_mult_common  c_w.l(btod.o)
    0x0800167c   0x0800167c   0x00000002   Code   RO          393    i.BusFault_Handler  stm32f2xx_it.o
    0x0800167e   0x0800167e   0x00000002   PAD
    0x08001680   0x08001680   0x0000000c   Code   RO          394    i.DMA2_Stream0_IRQHandler  stm32f2xx_it.o
    0x0800168c   0x0800168c   0x00000002   Code   RO          395    i.DebugMon_Handler  stm32f2xx_it.o
    0x0800168e   0x0800168e   0x00000004   Code   RO           13    i.Error_Handler     main.o
    0x08001692   0x08001692   0x00000002   PAD
    0x08001694   0x08001694   0x00000150   Code   RO          518    i.HAL_ADC_ConfigChannel  stm32f2xx_hal_adc.o
    0x080017e4   0x080017e4   0x00000002   Code   RO          519    i.HAL_ADC_ConvCpltCallback  stm32f2xx_hal_adc.o
    0x080017e6   0x080017e6   0x00000002   Code   RO          520    i.HAL_ADC_ConvHalfCpltCallback  stm32f2xx_hal_adc.o
    0x080017e8   0x080017e8   0x00000002   Code   RO          522    i.HAL_ADC_ErrorCallback  stm32f2xx_hal_adc.o
    0x080017ea   0x080017ea   0x00000054   Code   RO          527    i.HAL_ADC_Init      stm32f2xx_hal_adc.o
    0x0800183e   0x0800183e   0x00000002   PAD
    0x08001840   0x08001840   0x00000098   Code   RO          279    i.HAL_ADC_MspInit   adc.o
    0x080018d8   0x080018d8   0x00000110   Code   RO          534    i.HAL_ADC_Start_DMA  stm32f2xx_hal_adc.o
    0x080019e8   0x080019e8   0x00000092   Code   RO         1821    i.HAL_DMA_Abort     stm32f2xx_hal_dma.o
    0x08001a7a   0x08001a7a   0x00000024   Code   RO         1822    i.HAL_DMA_Abort_IT  stm32f2xx_hal_dma.o
    0x08001a9e   0x08001a9e   0x00000002   PAD
    0x08001aa0   0x08001aa0   0x000001a0   Code   RO         1826    i.HAL_DMA_IRQHandler  stm32f2xx_hal_dma.o
    0x08001c40   0x08001c40   0x000000d4   Code   RO         1827    i.HAL_DMA_Init      stm32f2xx_hal_dma.o
    0x08001d14   0x08001d14   0x0000006e   Code   RO         1830    i.HAL_DMA_Start_IT  stm32f2xx_hal_dma.o
    0x08001d82   0x08001d82   0x00000002   PAD
    0x08001d84   0x08001d84   0x00000024   Code   RO          840    i.HAL_Delay         stm32f2xx_hal.o
    0x08001da8   0x08001da8   0x00000288   Code   RO         1750    i.HAL_GPIO_Init     stm32f2xx_hal_gpio.o
    0x08002030   0x08002030   0x0000000a   Code   RO         1752    i.HAL_GPIO_ReadPin  stm32f2xx_hal_gpio.o
    0x0800203a   0x0800203a   0x00000010   Code   RO         1753    i.HAL_GPIO_TogglePin  stm32f2xx_hal_gpio.o
    0x0800204a   0x0800204a   0x0000000a   Code   RO         1754    i.HAL_GPIO_WritePin  stm32f2xx_hal_gpio.o
    0x08002054   0x08002054   0x0000000c   Code   RO          846    i.HAL_GetTick       stm32f2xx_hal.o
    0x08002060   0x08002060   0x00000010   Code   RO          852    i.HAL_IncTick       stm32f2xx_hal.o
    0x08002070   0x08002070   0x00000034   Code   RO          853    i.HAL_Init          stm32f2xx_hal.o
    0x080020a4   0x080020a4   0x00000040   Code   RO          854    i.HAL_InitTick      stm32f2xx_hal.o
    0x080020e4   0x080020e4   0x00000030   Code   RO          492    i.HAL_MspInit       stm32f2xx_hal_msp.o
    0x08002114   0x08002114   0x0000001a   Code   RO         1213    i.HAL_NVIC_EnableIRQ  stm32f2xx_hal_cortex.o
    0x0800212e   0x0800212e   0x00000002   PAD
    0x08002130   0x08002130   0x00000040   Code   RO         1219    i.HAL_NVIC_SetPriority  stm32f2xx_hal_cortex.o
    0x08002170   0x08002170   0x00000024   Code   RO         1220    i.HAL_NVIC_SetPriorityGrouping  stm32f2xx_hal_cortex.o
    0x08002194   0x08002194   0x00000002   Code   RO         1046    i.HAL_RCC_CSSCallback  stm32f2xx_hal_rcc.o
    0x08002196   0x08002196   0x00000002   PAD
    0x08002198   0x08002198   0x0000013c   Code   RO         1047    i.HAL_RCC_ClockConfig  stm32f2xx_hal_rcc.o
    0x080022d4   0x080022d4   0x0000000c   Code   RO         1050    i.HAL_RCC_EnableCSS  stm32f2xx_hal_rcc.o
    0x080022e0   0x080022e0   0x00000030   Code   RO         1054    i.HAL_RCC_GetPCLK1Freq  stm32f2xx_hal_rcc.o
    0x08002310   0x08002310   0x00000030   Code   RO         1055    i.HAL_RCC_GetPCLK2Freq  stm32f2xx_hal_rcc.o
    0x08002340   0x08002340   0x00000060   Code   RO         1056    i.HAL_RCC_GetSysClockFreq  stm32f2xx_hal_rcc.o
    0x080023a0   0x080023a0   0x0000001c   Code   RO         1058    i.HAL_RCC_NMI_IRQHandler  stm32f2xx_hal_rcc.o
    0x080023bc   0x080023bc   0x00000338   Code   RO         1059    i.HAL_RCC_OscConfig  stm32f2xx_hal_rcc.o
    0x080026f4   0x080026f4   0x00000028   Code   RO         1224    i.HAL_SYSTICK_Config  stm32f2xx_hal_cortex.o
    0x0800271c   0x0800271c   0x00000002   Code   RO         2115    i.HAL_UARTEx_RxEventCallback  stm32f2xx_hal_uart.o
    0x0800271e   0x0800271e   0x00000002   Code   RO         2129    i.HAL_UART_ErrorCallback  stm32f2xx_hal_uart.o
    0x08002720   0x08002720   0x00000210   Code   RO         2132    i.HAL_UART_IRQHandler  stm32f2xx_hal_uart.o
    0x08002930   0x08002930   0x00000062   Code   RO         2133    i.HAL_UART_Init     stm32f2xx_hal_uart.o
    0x08002992   0x08002992   0x00000002   PAD
    0x08002994   0x08002994   0x0000007c   Code   RO          349    i.HAL_UART_MspInit  usart.o
    0x08002a10   0x08002a10   0x0000002a   Code   RO         2138    i.HAL_UART_Receive_IT  stm32f2xx_hal_uart.o
    0x08002a3a   0x08002a3a   0x00000002   PAD
    0x08002a3c   0x08002a3c   0x0000004c   Code   RO           14    i.HAL_UART_RxCpltCallback  main.o
    0x08002a88   0x08002a88   0x000000b2   Code   RO         2141    i.HAL_UART_Transmit  stm32f2xx_hal_uart.o
    0x08002b3a   0x08002b3a   0x00000002   Code   RO         2144    i.HAL_UART_TxCpltCallback  stm32f2xx_hal_uart.o
    0x08002b3c   0x08002b3c   0x00000002   Code   RO          396    i.HardFault_Handler  stm32f2xx_it.o
    0x08002b3e   0x08002b3e   0x00000002   PAD
    0x08002b40   0x08002b40   0x00000060   Code   RO          280    i.MX_ADC1_Init      adc.o
    0x08002ba0   0x08002ba0   0x0000002c   Code   RO          323    i.MX_DMA_Init       dma.o
    0x08002bcc   0x08002bcc   0x00000080   Code   RO          250    i.MX_GPIO_Init      gpio.o
    0x08002c4c   0x08002c4c   0x00000038   Code   RO          350    i.MX_USART1_UART_Init  usart.o
    0x08002c84   0x08002c84   0x00000002   Code   RO          397    i.MemManage_Handler  stm32f2xx_it.o
    0x08002c86   0x08002c86   0x00000006   Code   RO          398    i.NMI_Handler       stm32f2xx_it.o
    0x08002c8c   0x08002c8c   0x00000002   Code   RO          399    i.PendSV_Handler    stm32f2xx_it.o
    0x08002c8e   0x08002c8e   0x00000002   Code   RO          400    i.SVC_Handler       stm32f2xx_it.o
    0x08002c90   0x08002c90   0x00000004   Code   RO          401    i.SysTick_Handler   stm32f2xx_it.o
    0x08002c94   0x08002c94   0x00000002   Code   RO         2521    i.SystemInit        system_stm32f2xx.o
    0x08002c96   0x08002c96   0x00000036   Code   RO         2147    i.UART_Start_Receive_IT  stm32f2xx_hal_uart.o
    0x08002ccc   0x08002ccc   0x0000000c   Code   RO          402    i.USART1_IRQHandler  stm32f2xx_it.o
    0x08002cd8   0x08002cd8   0x00000002   Code   RO          403    i.UsageFault_Handler  stm32f2xx_it.o
    0x08002cda   0x08002cda   0x00000002   PAD
    0x08002cdc   0x08002cdc   0x0000009c   Code   RO           15    i._Z11uart_handlev  main.o
    0x08002d78   0x08002d78   0x000000a8   Code   RO           16    i._Z13dataSendEsp32hf  main.o
    0x08002e20   0x08002e20   0x00000060   Code   RO           17    i._Z13proximityTestv  main.o
    0x08002e80   0x08002e80   0x00000044   Code   RO         3282    i._Z14airConditionertt  libuser.o
    0x08002ec4   0x08002ec4   0x00000088   Code   RO           18    i._Z15airCompressTestv  main.o
    0x08002f4c   0x08002f4c   0x00000068   Code   RO           19    i._Z18SystemClock_Configv  main.o
    0x08002fb4   0x08002fb4   0x00000090   Code   RO         3283    i._Z7ledSigni       libuser.o
    0x08003044   0x08003044   0x000000a4   Code   RO           20    i._Z7ledTestv       main.o
    0x080030e8   0x080030e8   0x000000a4   Code   RO           21    i._Z8evenPuchv      main.o
    0x0800318c   0x0800318c   0x00000058   Code   RO         3284    i._Z8positionv      libuser.o
    0x080031e4   0x080031e4   0x0000000c   Code   RO           22    i._Z9adcKalmanf     main.o
    0x080031f0   0x080031f0   0x0000008c   Code   RO         3329    i._ZN18SimpleKalmanFilter14updateEstimateEf  simplekalmanfilter.o
    0x0800327c   0x0800327c   0x00000010   Code   RO         3334    i._ZN18SimpleKalmanFilterC1Efff  simplekalmanfilter.o
    0x0800328c   0x0800328c   0x00000016   Code   RO          539    i._ZN41_INTERNAL_19_stm32f2xx_hal_adc_c_52ef8f5012ADC_DMAErrorEP19__DMA_HandleTypeDef  stm32f2xx_hal_adc.o
    0x080032a2   0x080032a2   0x0000006e   Code   RO          540    i._ZN41_INTERNAL_19_stm32f2xx_hal_adc_c_52ef8f5015ADC_DMAConvCpltEP19__DMA_HandleTypeDef  stm32f2xx_hal_adc.o
    0x08003310   0x08003310   0x0000000a   Code   RO          541    i._ZN41_INTERNAL_19_stm32f2xx_hal_adc_c_52ef8f5019ADC_DMAHalfConvCpltEP19__DMA_HandleTypeDef  stm32f2xx_hal_adc.o
    0x0800331a   0x0800331a   0x00000002   PAD
    0x0800331c   0x0800331c   0x00000138   Code   RO          542    i._ZN41_INTERNAL_19_stm32f2xx_hal_adc_c_52ef8f508ADC_InitEP17ADC_HandleTypeDef  stm32f2xx_hal_adc.o
    0x08003454   0x08003454   0x00000028   Code   RO         1833    i._ZN41_INTERNAL_19_stm32f2xx_hal_dma_c_c25f65ec13DMA_SetConfigEP19__DMA_HandleTypeDefjjj  stm32f2xx_hal_dma.o
    0x0800347c   0x0800347c   0x00000054   Code   RO         1834    i._ZN41_INTERNAL_19_stm32f2xx_hal_dma_c_c25f65ec18DMA_CheckFifoParamEP19__DMA_HandleTypeDef  stm32f2xx_hal_dma.o
    0x080034d0   0x080034d0   0x00000028   Code   RO         1835    i._ZN41_INTERNAL_19_stm32f2xx_hal_dma_c_c25f65ec23DMA_CalcBaseAndBitshiftEP19__DMA_HandleTypeDef  stm32f2xx_hal_dma.o
    0x080034f8   0x080034f8   0x00000124   Code   RO         2149    i._ZN42_INTERNAL_20_stm32f2xx_hal_uart_c_d497114f14UART_SetConfigEP20__UART_HandleTypeDef  stm32f2xx_hal_uart.o
    0x0800361c   0x0800361c   0x000000b6   Code   RO         2150    i._ZN42_INTERNAL_20_stm32f2xx_hal_uart_c_d497114f15UART_Receive_ITEP20__UART_HandleTypeDef  stm32f2xx_hal_uart.o
    0x080036d2   0x080036d2   0x00000030   Code   RO         2153    i._ZN42_INTERNAL_20_stm32f2xx_hal_uart_c_d497114f18UART_EndRxTransferEP20__UART_HandleTypeDef  stm32f2xx_hal_uart.o
    0x08003702   0x08003702   0x00000010   Code   RO         2156    i._ZN42_INTERNAL_20_stm32f2xx_hal_uart_c_d497114f20UART_DMAAbortOnErrorEP19__DMA_HandleTypeDef  stm32f2xx_hal_uart.o
    0x08003712   0x08003712   0x00000064   Code   RO         2162    i._ZN42_INTERNAL_20_stm32f2xx_hal_uart_c_d497114f27UART_WaitOnFlagUntilTimeoutEP20__UART_HandleTypeDefj10FlagStatusjj  stm32f2xx_hal_uart.o
    0x08003776   0x08003776   0x00000020   Code   RO         1226    i._ZN44_INTERNAL_22_stm32f2xx_hal_cortex_c_2992dbc018__NVIC_SetPriorityE9IRQn_Typej  stm32f2xx_hal_cortex.o
    0x08003796   0x08003796   0x00000028   Code   RO         3834    i.__ARM_fpclassify  m_ws.l(fpclassify.o)
    0x080037be   0x080037be   0x00000002   PAD
    0x080037c0   0x080037c0   0x00000014   Code   RO           24    i.__sti___6_main_c_kf  main.o
    0x080037d4   0x080037d4   0x0000000e   Code   RO         3498    i._is_digit         c_w.l(__printf_wp.o)
    0x080037e2   0x080037e2   0x00000002   PAD
    0x080037e4   0x080037e4   0x0000006c   Code   RO           25    i.main              main.o
    0x08003850   0x08003850   0x0000002c   Code   RO         3801    locale$$code        c_w.l(lc_numeric_c.o)
    0x0800387c   0x0800387c   0x00000062   Code   RO         3545    x$fpl$d2f           fz_ws.l(d2f.o)
    0x080038de   0x080038de   0x00000002   PAD
    0x080038e0   0x080038e0   0x00000150   Code   RO         3547    x$fpl$dadd          fz_ws.l(daddsub_clz.o)
    0x08003a30   0x08003a30   0x00000154   Code   RO         3567    x$fpl$dmul          fz_ws.l(dmul.o)
    0x08003b84   0x08003b84   0x0000009c   Code   RO         3711    x$fpl$dnaninf       fz_ws.l(dnaninf.o)
    0x08003c20   0x08003c20   0x0000000c   Code   RO         3713    x$fpl$dretinf       fz_ws.l(dretinf.o)
    0x08003c2c   0x08003c2c   0x00000016   Code   RO         3548    x$fpl$drsb          fz_ws.l(daddsub_clz.o)
    0x08003c42   0x08003c42   0x00000002   PAD
    0x08003c44   0x08003c44   0x000001d4   Code   RO         3549    x$fpl$dsub          fz_ws.l(daddsub_clz.o)
    0x08003e18   0x08003e18   0x00000056   Code   RO         3571    x$fpl$f2d           fz_ws.l(f2d.o)
    0x08003e6e   0x08003e6e   0x00000002   PAD
    0x08003e70   0x08003e70   0x000000c4   Code   RO         3573    x$fpl$fadd          fz_ws.l(faddsub_clz.o)
    0x08003f34   0x08003f34   0x00000018   Code   RO         3816    x$fpl$fcmpinf       fz_ws.l(fcmpi.o)
    0x08003f4c   0x08003f4c   0x00000184   Code   RO         3580    x$fpl$fdiv          fz_ws.l(fdiv.o)
    0x080040d0   0x080040d0   0x0000003e   Code   RO         3583    x$fpl$ffixu         fz_ws.l(ffixu.o)
    0x0800410e   0x0800410e   0x00000002   PAD
    0x08004110   0x08004110   0x00000026   Code   RO         3587    x$fpl$ffltu         fz_ws.l(fflt_clz.o)
    0x08004136   0x08004136   0x00000002   PAD
    0x08004138   0x08004138   0x00000068   Code   RO         3715    x$fpl$fleqf         fz_ws.l(fleqf.o)
    0x080041a0   0x080041a0   0x00000102   Code   RO         3593    x$fpl$fmul          fz_ws.l(fmul.o)
    0x080042a2   0x080042a2   0x0000008c   Code   RO         3717    x$fpl$fnaninf       fz_ws.l(fnaninf.o)
    0x0800432e   0x0800432e   0x0000000a   Code   RO         3719    x$fpl$fretinf       fz_ws.l(fretinf.o)
    0x08004338   0x08004338   0x00000062   Code   RO         3595    x$fpl$frleqf        fz_ws.l(frleqf.o)
    0x0800439a   0x0800439a   0x00000002   PAD
    0x0800439c   0x0800439c   0x000000ea   Code   RO         3575    x$fpl$fsub          fz_ws.l(faddsub_clz.o)
    0x08004486   0x08004486   0x00000004   Code   RO         3597    x$fpl$printf1       fz_ws.l(printf1.o)
    0x0800448a   0x0800448a   0x00000000   Code   RO         3721    x$fpl$usenofp       fz_ws.l(usenofp.o)
    0x0800448a   0x0800448a   0x00000008   Data   RO         1851    .constdata          stm32f2xx_hal_dma.o
    0x08004492   0x08004492   0x00000010   Data   RO         2524    .constdata          system_stm32f2xx.o
    0x080044a2   0x080044a2   0x00000008   Data   RO         2525    .constdata          system_stm32f2xx.o
    0x080044aa   0x080044aa   0x00000011   Data   RO         3501    .constdata          c_w.l(__printf_flags_wp.o)
    0x080044bb   0x080044bb   0x00000001   PAD
    0x080044bc   0x080044bc   0x00000094   Data   RO         3773    .constdata          c_w.l(bigflt0.o)
    0x08004550   0x08004550   0x00000020   Data   RO         3976    Region$$Table       anon$$obj.o
    0x08004570   0x08004570   0x0000001c   Data   RO         3800    locale$$data        c_w.l(lc_numeric_c.o)
    0x0800458c   0x0800458c   0x00000004   Data   RO           41    .init_array         main.o
    0x08004590   0x0800458c   0x00000000   Data   RO         3540    .init_array         c_w.l(init_aeabi.o)


    Execution Region RW_IRAM1 (Exec base: 0x20000000, Load base: 0x08004590, Size: 0x000007d0, Max: 0x0001c000, ABSOLUTE)

    Exec Addr    Load Addr    Size         Type   Attr      Idx    E Section Name        Object

    0x20000000   0x08004590   0x00000040   Data   RW           40    .data               main.o
    0x20000040   0x080045d0   0x0000000c   Data   RW          887    .data               stm32f2xx_hal.o
    0x2000004c   0x080045dc   0x00000004   Data   RW         2526    .data               system_stm32f2xx.o
    0x20000050   0x080045e0   0x00000008   Data   RW         3289    .data               libuser.o
    0x20000058   0x080045e8   0x00000004   Data   RW         3517    .data               c_w.l(strtok.o)
    0x2000005c        -       0x00000022   Zero   RW           39    .bss                main.o
    0x2000007e   0x080045ec   0x00000002   PAD
    0x20000080        -       0x000000a8   Zero   RW          284    .bss                adc.o
    0x20000128        -       0x00000044   Zero   RW          354    .bss                usart.o
    0x2000016c        -       0x00000060   Zero   RW         3725    .bss                c_w.l(libspace.o)
    0x200001cc   0x080045ec   0x00000004   PAD
    0x200001d0        -       0x00000200   Zero   RW            2    HEAP                startup_stm32f207xx.o
    0x200003d0        -       0x00000400   Zero   RW            1    STACK               startup_stm32f207xx.o


    Execution Region RW_IRAM2 (Exec base: 0x2001c000, Load base: 0x080045ec, Size: 0x00000000, Max: 0x00004000, ABSOLUTE)

    **** No section assigned to this execution region ****


==============================================================================

Image component sizes


      Code (inc. data)   RO Data    RW Data    ZI Data      Debug   Object Name

       248         32          0          0        168       1755   adc.o
        44          4          0          0          0        774   dma.o
       128         12          0          0          0        927   gpio.o
       300         28          0          8          0       2034   libuser.o
      1208        174          4         64         34     646684   main.o
       156          4          0          0          0       1535   simplekalmanfilter.o
        64         26        388          0       1536        808   startup_stm32f207xx.o
       180         28          0         12          0       9081   stm32f2xx_hal.o
      1152         48          0          0          0       6969   stm32f2xx_hal_adc.o
       198         14          0          0          0      30631   stm32f2xx_hal_cortex.o
      1084         16          8          0          0       7114   stm32f2xx_hal_dma.o
       684         50          0          0          0       3524   stm32f2xx_hal_gpio.o
        48          6          0          0          0        854   stm32f2xx_hal_msp.o
      1374         88          0          0          0       6651   stm32f2xx_hal_rcc.o
      1544         14          0          0          0      10596   stm32f2xx_hal_uart.o
        48         12          0          0          0       4724   stm32f2xx_it.o
         2          0         24          4          0       1135   system_stm32f2xx.o
       180         22          0          0         68       1694   usart.o

    ----------------------------------------------------------------------
      8666        578        456         88       1808     737490   Object Totals
         0          0         32          0          0          0   (incl. Generated)
        24          0          0          0          2          0   (incl. Padding)

    ----------------------------------------------------------------------

      Code (inc. data)   RO Data    RW Data    ZI Data      Debug   Library Member Name

        44          6          0          0          0         84   __2sprintf.o
         8          0          0          0          0         68   __main.o
       312          4         17          0          0         92   __printf_flags_wp.o
        14          0          0          0          0         68   __printf_wp.o
         0          0          0          0          0          0   __rtentry.o
        12          0          0          0          0          0   __rtentry2.o
         6          0          0          0          0          0   __rtentry4.o
        52          8          0          0          0          0   __scatter.o
        26          0          0          0          0          0   __scatter_copy.o
        28          0          0          0          0          0   __scatter_zi.o
        48          6          0          0          0         96   _printf_char_common.o
         6          0          0          0          0          0   _printf_d.o
       120         16          0          0          0         92   _printf_dec.o
         6          0          0          0          0          0   _printf_f.o
      1054          0          0          0          0        216   _printf_fp_dec.o
       128         16          0          0          0         84   _printf_fp_infnan.o
       178          0          0          0          0         88   _printf_intcommon.o
         0          0          0          0          0          0   _printf_percent.o
         4          0          0          0          0          0   _printf_percent_end.o
        10          0          0          0          0         68   _sputc.o
       228          4        148          0          0         96   bigflt0.o
      1936        128          0          0          0        672   btod.o
        18          0          0          0          0         80   exit.o
         6          0          0          0          0        152   heapauxi.o
         0          0          0          0          0          0   indicate_semi.o
        36         10          0          0          0         80   init_aeabi.o
        44         10         28          0          0         76   lc_numeric_c.o
         2          0          0          0          0          0   libinit.o
        22          0          0          0          0          0   libinit2.o
         2          0          0          0          0          0   libshutdown.o
         2          0          0          0          0          0   libshutdown2.o
         8          4          0          0         96         68   libspace.o
       138          0          0          0          0         80   lludiv10.o
       238          0          0          0          0        100   lludivv7m.o
         8          4          0          0          0         68   rt_locale_intlibspace.o
        78          0          0          0          0         80   rt_memclr_w.o
         2          0          0          0          0          0   rtexit.o
        10          0          0          0          0          0   rtexit2.o
        24          0          0          0          0         68   strcat.o
       128          0          0          0          0         68   strcmpv7m.o
        72          0          0          0          0         80   strcpy.o
        32          0          0          0          0         80   strcspn.o
        62          0          0          0          0         76   strlen.o
        28          0          0          0          0         80   strspn.o
        12          6          0          4          0         68   strtok.o
        68          4          0          0          0         84   strtok_int.o
        12          4          0          0          0         68   sys_exit.o
        74          0          0          0          0         80   sys_stackheap_outer.o
         2          0          0          0          0         68   use_no_semi.o
        98          4          0          0          0         92   d2f.o
       826         16          0          0          0        348   daddsub_clz.o
       340         12          0          0          0        104   dmul.o
       156          4          0          0          0         92   dnaninf.o
        12          0          0          0          0         68   dretinf.o
        86          4          0          0          0         84   f2d.o
       430          8          0          0          0        168   faddsub_clz.o
        24          0          0          0          0         68   fcmpi.o
       388         76          0          0          0         96   fdiv.o
        62          4          0          0          0         84   ffixu.o
        38          0          0          0          0         68   fflt_clz.o
       104          4          0          0          0         84   fleqf.o
       258          4          0          0          0         84   fmul.o
       140          4          0          0          0         84   fnaninf.o
        10          0          0          0          0         68   fretinf.o
        98          0          0          0          0         68   frleqf.o
         4          0          0          0          0         68   printf1.o
         0          0          0          0          0          0   usenofp.o
        40          0          0          0          0         68   fpclassify.o

    ----------------------------------------------------------------------
      8492        370        194          4        100       5124   Library Totals
        30          0          1          0          4          0   (incl. Padding)

    ----------------------------------------------------------------------

      Code (inc. data)   RO Data    RW Data    ZI Data      Debug   Library Name

      5348        230        193          4         96       3328   c_w.l
      3074        140          0          0          0       1728   fz_ws.l
        40          0          0          0          0         68   m_ws.l

    ----------------------------------------------------------------------
      8492        370        194          4        100       5124   Library Totals

    ----------------------------------------------------------------------

==============================================================================


      Code (inc. data)   RO Data    RW Data    ZI Data      Debug   

     17158        948        650         92       1908     735278   Grand Totals
     17158        948        650         92       1908     735278   ELF Image Totals
     17158        948        650         92          0          0   ROM Totals

==============================================================================

    Total RO  Size (Code + RO Data)                17808 (  17.39kB)
    Total RW  Size (RW Data + ZI Data)              2000 (   1.95kB)
    Total ROM Size (Code + RO Data + RW Data)      17900 (  17.48kB)

==============================================================================

